Archive member included because of file (symbol)

/Users/snowyang/workspace/MSP432_DriverLib_3_10_00_09/driverlib/MSP432P4xx/ccs/msp432p4xx_driverlib.lib(gpio.o)
                              ./Board/drv_VGM128064/oled.o (GPIO_setOutputHighOnPin)
/Users/snowyang/workspace/MSP432_DriverLib_3_10_00_09/driverlib/MSP432P4xx/ccs/msp432p4xx_driverlib.lib(i2c.o)
                              ./Board/helper/hal/mx_i2c.o (I2C_masterSendMultiByteStop)
/Users/snowyang/workspace/MSP432_DriverLib_3_10_00_09/driverlib/MSP432P4xx/ccs/msp432p4xx_driverlib.lib(interrupt.o)
                              /Users/snowyang/workspace/MSP432_DriverLib_3_10_00_09/driverlib/MSP432P4xx/ccs/msp432p4xx_driverlib.lib(gpio.o) (Interrupt_disableInterrupt)
/Users/snowyang/workspace/MSP432_DriverLib_3_10_00_09/driverlib/MSP432P4xx/ccs/msp432p4xx_driverlib.lib(uart.o)
                              ./Board/helper/hal/mx_serial.o (UART_registerInterrupt)
/Users/snowyang/workspace/MSP432_DriverLib_3_10_00_09/driverlib/MSP432P4xx/ccs/msp432p4xx_driverlib.lib(cpu.o)
                              /Users/snowyang/workspace/MSP432_DriverLib_3_10_00_09/driverlib/MSP432P4xx/ccs/msp432p4xx_driverlib.lib(interrupt.o) (CPU_basepriSet)
/Applications/ti/ccsv6/tools/compiler/gcc-arm-none-eabi-4_9-2015q3/bin/../lib/gcc/arm-none-eabi/4.9.3/../../../../arm-none-eabi/lib/armv7e-m/fpu/libm.a(lib_a-w_pow.o)
                              ./Board/drv_color_led/hsb2rgb.o (pow)
/Applications/ti/ccsv6/tools/compiler/gcc-arm-none-eabi-4_9-2015q3/bin/../lib/gcc/arm-none-eabi/4.9.3/../../../../arm-none-eabi/lib/armv7e-m/fpu/libm.a(lib_a-e_pow.o)
                              /Applications/ti/ccsv6/tools/compiler/gcc-arm-none-eabi-4_9-2015q3/bin/../lib/gcc/arm-none-eabi/4.9.3/../../../../arm-none-eabi/lib/armv7e-m/fpu/libm.a(lib_a-w_pow.o) (__ieee754_pow)
/Applications/ti/ccsv6/tools/compiler/gcc-arm-none-eabi-4_9-2015q3/bin/../lib/gcc/arm-none-eabi/4.9.3/../../../../arm-none-eabi/lib/armv7e-m/fpu/libm.a(lib_a-e_sqrt.o)
                              /Applications/ti/ccsv6/tools/compiler/gcc-arm-none-eabi-4_9-2015q3/bin/../lib/gcc/arm-none-eabi/4.9.3/../../../../arm-none-eabi/lib/armv7e-m/fpu/libm.a(lib_a-e_pow.o) (__ieee754_sqrt)
/Applications/ti/ccsv6/tools/compiler/gcc-arm-none-eabi-4_9-2015q3/bin/../lib/gcc/arm-none-eabi/4.9.3/../../../../arm-none-eabi/lib/armv7e-m/fpu/libm.a(lib_a-s_fabs.o)
                              /Applications/ti/ccsv6/tools/compiler/gcc-arm-none-eabi-4_9-2015q3/bin/../lib/gcc/arm-none-eabi/4.9.3/../../../../arm-none-eabi/lib/armv7e-m/fpu/libm.a(lib_a-e_pow.o) (fabs)
/Applications/ti/ccsv6/tools/compiler/gcc-arm-none-eabi-4_9-2015q3/bin/../lib/gcc/arm-none-eabi/4.9.3/../../../../arm-none-eabi/lib/armv7e-m/fpu/libm.a(lib_a-s_finite.o)
                              /Applications/ti/ccsv6/tools/compiler/gcc-arm-none-eabi-4_9-2015q3/bin/../lib/gcc/arm-none-eabi/4.9.3/../../../../arm-none-eabi/lib/armv7e-m/fpu/libm.a(lib_a-w_pow.o) (finite)
/Applications/ti/ccsv6/tools/compiler/gcc-arm-none-eabi-4_9-2015q3/bin/../lib/gcc/arm-none-eabi/4.9.3/../../../../arm-none-eabi/lib/armv7e-m/fpu/libm.a(lib_a-s_fpclassify.o)
                              /Applications/ti/ccsv6/tools/compiler/gcc-arm-none-eabi-4_9-2015q3/bin/../lib/gcc/arm-none-eabi/4.9.3/../../../../arm-none-eabi/lib/armv7e-m/fpu/libm.a(lib_a-w_pow.o) (__fpclassifyd)
/Applications/ti/ccsv6/tools/compiler/gcc-arm-none-eabi-4_9-2015q3/bin/../lib/gcc/arm-none-eabi/4.9.3/../../../../arm-none-eabi/lib/armv7e-m/fpu/libm.a(lib_a-s_lib_ver.o)
                              /Applications/ti/ccsv6/tools/compiler/gcc-arm-none-eabi-4_9-2015q3/bin/../lib/gcc/arm-none-eabi/4.9.3/../../../../arm-none-eabi/lib/armv7e-m/fpu/libm.a(lib_a-w_pow.o) (__fdlib_version)
/Applications/ti/ccsv6/tools/compiler/gcc-arm-none-eabi-4_9-2015q3/bin/../lib/gcc/arm-none-eabi/4.9.3/../../../../arm-none-eabi/lib/armv7e-m/fpu/libm.a(lib_a-s_matherr.o)
                              /Applications/ti/ccsv6/tools/compiler/gcc-arm-none-eabi-4_9-2015q3/bin/../lib/gcc/arm-none-eabi/4.9.3/../../../../arm-none-eabi/lib/armv7e-m/fpu/libm.a(lib_a-w_pow.o) (matherr)
/Applications/ti/ccsv6/tools/compiler/gcc-arm-none-eabi-4_9-2015q3/bin/../lib/gcc/arm-none-eabi/4.9.3/../../../../arm-none-eabi/lib/armv7e-m/fpu/libm.a(lib_a-s_nan.o)
                              /Applications/ti/ccsv6/tools/compiler/gcc-arm-none-eabi-4_9-2015q3/bin/../lib/gcc/arm-none-eabi/4.9.3/../../../../arm-none-eabi/lib/armv7e-m/fpu/libm.a(lib_a-e_pow.o) (nan)
/Applications/ti/ccsv6/tools/compiler/gcc-arm-none-eabi-4_9-2015q3/bin/../lib/gcc/arm-none-eabi/4.9.3/../../../../arm-none-eabi/lib/armv7e-m/fpu/libm.a(lib_a-s_rint.o)
                              /Applications/ti/ccsv6/tools/compiler/gcc-arm-none-eabi-4_9-2015q3/bin/../lib/gcc/arm-none-eabi/4.9.3/../../../../arm-none-eabi/lib/armv7e-m/fpu/libm.a(lib_a-w_pow.o) (rint)
[...]
Memory Configuration

Name             Origin             Length             Attributes
MAIN_FLASH       0x0000000000000000 0x0000000000040000 xr
INFO_FLASH       0x0000000000200000 0x0000000000004000 xr
SRAM_CODE        0x0000000001000000 0x0000000000010000 xrw
SRAM_DATA        0x0000000020000000 0x0000000000010000 rw
*default*        0x0000000000000000 0xffffffffffffffff

Linker script and memory map

LOAD /Applications/ti/ccsv6/tools/compiler/gcc-arm-none-eabi-4_9-2015q3/bin/../lib/gcc/arm-none-eabi/4.9.3/armv7e-m/fpu/crti.o
LOAD /Applications/ti/ccsv6/tools/compiler/gcc-arm-none-eabi-4_9-2015q3/bin/../lib/gcc/arm-none-eabi/4.9.3/armv7e-m/fpu/crtbegin.o
LOAD /Applications/ti/ccsv6/tools/compiler/gcc-arm-none-eabi-4_9-2015q3/bin/../lib/gcc/arm-none-eabi/4.9.3/../../../../arm-none-eabi/lib/armv7e-m/fpu/crt0.o
LOAD ./app_console.o
LOAD ./app_rgbled.o
LOAD ./app_sht20.o
LOAD ./app_switch.o
LOAD ./main.o
LOAD ./startup_msp432p401r_gcc.o
LOAD ./system_msp432p401r.o
LOAD ./Board/AliCloud_SDS/alicloud_sds.o
LOAD ./Board/drv_VGM128064/oled.o
LOAD ./Board/drv_board.o
LOAD ./Board/drv_board_test.o
LOAD ./Board/drv_button/io_button.o
LOAD ./Board/drv_color_led/color_led.o
LOAD ./Board/drv_color_led/hsb2rgb.o
LOAD ./Board/drv_sht20/sht2x.o
LOAD ./Board/helper/emhost/ATCmdParser/ATCmdParser.o
LOAD ./Board/helper/emhost/ATCmdParser/ATCmdParserTest.o
LOAD ./Board/helper/emhost/emh_alisds.o
LOAD ./Board/helper/emhost/emh_arg.o
LOAD ./Board/helper/emhost/emh_module.o
LOAD ./Board/helper/emhost/emh_wlan.o
LOAD ./Board/helper/hal/mx_hal_atomic.o
LOAD ./Board/helper/hal/mx_i2c.o
LOAD ./Board/helper/hal/mx_serial.o
LOAD ./Board/helper/hal/mx_stdio.o
LOAD ./Board/helper/hal/mx_tick.o
LOAD ./Board/helper/jsmn/jsmn.o
LOAD ./Board/helper/jsmn/json_escape_str.o
LOAD ./Board/helper/jsmn/json_generator.o
LOAD ./Board/helper/jsmn/json_utils.o
LOAD ./Board/helper/jsmn/json_wrappers.o
LOAD ./Board/helper/mx_utils/mx_ringbuffer.o
LOAD ./aos/soc_impl.o
LOAD ./aos/trace_impl.o
LOAD ./core/k_buf_queue.o
LOAD ./core/k_dyn_mem_proc.o
LOAD ./core/k_err.o
LOAD ./core/k_event.o
LOAD ./core/k_idle.o
LOAD ./core/k_mm.o
LOAD ./core/k_mm_blk.o
LOAD ./core/k_mm_debug.o
LOAD ./core/k_mutex.o
LOAD ./core/k_obj.o
LOAD ./core/k_pend.o
LOAD ./core/k_queue.o
LOAD ./core/k_ringbuf.o
LOAD ./core/k_sched.o
LOAD ./core/k_sem.o
LOAD ./core/k_stats.o
LOAD ./core/k_sys.o
LOAD ./core/k_task.o
LOAD ./core/k_task_sem.o
LOAD ./core/k_tick.o
LOAD ./core/k_time.o
LOAD ./core/k_timer.o
LOAD ./core/k_workqueue.o
LOAD ./m4/port_c.o
LOAD ./m4/port_s.o
                0x000000002000fffc                _estack = 0x2000fffc
                0x0000000000000000                PROVIDE (_intvecs_base_address, DEFINED (_intvecs_base_address)?_intvecs_base_address:0x0)

.intvecs        0x0000000000000000      0x140
 *(.intvecs)
 .intvecs       0x0000000000000000      0x140 ./startup_msp432p401r_gcc.o
                0x0000000000000000                interruptVectors
                0x0000000020000000                PROVIDE (_vtable_base_address, DEFINED (_vtable_base_address)?_vtable_base_address:0x20000000)

.vtable         0x0000000020000000       0xe4
 *(.vtable)
 *fill*         0x0000000020000000        0x0 
 .vtable        0x0000000020000000       0xe4 /Users/snowyang/workspace/MSP432_DriverLib_3_10_00_09/driverlib/MSP432P4xx/ccs/msp432p4xx_driverlib.lib(interrupt.o)
                0x0000000020000000                g_pfnRAMVectors

.text           0x0000000000000140    0x13958
 CREATE_OBJECT_SYMBOLS
 *(.text)
 .text          0x0000000000000140        0x0 /Applications/ti/ccsv6/tools/compiler/gcc-arm-none-eabi-4_9-2015q3/bin/../lib/gcc/arm-none-eabi/4.9.3/armv7e-m/fpu/crti.o
 .text          0x0000000000000140       0x5c /Applications/ti/ccsv6/tools/compiler/gcc-arm-none-eabi-4_9-2015q3/bin/../lib/gcc/arm-none-eabi/4.9.3/armv7e-m/fpu/crtbegin.o
 .text          0x000000000000019c       0x74 /Applications/ti/ccsv6/tools/compiler/gcc-arm-none-eabi-4_9-2015q3/bin/../lib/gcc/arm-none-eabi/4.9.3/../../../../arm-none-eabi/lib/armv7e-m/fpu/crt0.o
                0x000000000000019c                _mainCRTStartup
                0x000000000000019c                _start
 .text          0x0000000000000210        0x0 ./app_console.o
 .text          0x0000000000000210        0x0 ./app_rgbled.o
 .text          0x0000000000000210        0x0 ./app_sht20.o
 .text          0x0000000000000210        0x0 ./app_switch.o
 .text          0x0000000000000210        0x0 ./main.o
 .text          0x0000000000000210        0x0 ./startup_msp432p401r_gcc.o
 .text          0x0000000000000210        0x0 ./system_msp432p401r.o
 .text          0x0000000000000210        0x0 ./Board/AliCloud_SDS/alicloud_sds.o
 .text          0x0000000000000210        0x0 ./Board/drv_VGM128064/oled.o
 .text          0x0000000000000210        0x0 ./Board/drv_board.o
 .text          0x0000000000000210        0x0 ./Board/drv_board_test.o
 .text          0x0000000000000210        0x0 ./Board/drv_button/io_button.o
 .text          0x0000000000000210        0x0 ./Board/drv_color_led/color_led.o
 .text          0x0000000000000210        0x0 ./Board/drv_color_led/hsb2rgb.o
 .text          0x0000000000000210        0x0 ./Board/drv_sht20/sht2x.o
 .text          0x0000000000000210        0x0 ./Board/helper/emhost/ATCmdParser/ATCmdParser.o
 .text          0x0000000000000210        0x0 ./Board/helper/emhost/ATCmdParser/ATCmdParserTest.o
 .text          0x0000000000000210        0x0 ./Board/helper/emhost/emh_alisds.o
 .text          0x0000000000000210        0x0 ./Board/helper/emhost/emh_arg.o
 .text          0x0000000000000210        0x0 ./Board/helper/emhost/emh_module.o
 .text          0x0000000000000210        0x0 ./Board/helper/emhost/emh_wlan.o
 .text          0x0000000000000210        0x0 ./Board/helper/hal/mx_hal_atomic.o
 .text          0x0000000000000210        0x0 ./Board/helper/hal/mx_i2c.o
 .text          0x0000000000000210        0x0 ./Board/helper/hal/mx_serial.o
 .text          0x0000000000000210        0x0 ./Board/helper/hal/mx_stdio.o
 .text          0x0000000000000210        0x0 ./Board/helper/hal/mx_tick.o
 .text          0x0000000000000210        0x0 ./Board/helper/jsmn/jsmn.o
 .text          0x0000000000000210        0x0 ./Board/helper/jsmn/json_escape_str.o
 .text          0x0000000000000210        0x0 ./Board/helper/jsmn/json_generator.o
 .text          0x0000000000000210        0x0 ./Board/helper/jsmn/json_utils.o
 .text          0x0000000000000210        0x0 ./Board/helper/jsmn/json_wrappers.o
 .text          0x0000000000000210        0x0 ./Board/helper/mx_utils/mx_ringbuffer.o
 .text          0x0000000000000210        0x0 ./aos/soc_impl.o
 .text          0x0000000000000210        0x0 ./aos/trace_impl.o
 .text          0x0000000000000210        0x0 ./core/k_buf_queue.o
 .text          0x0000000000000210        0x0 ./core/k_dyn_mem_proc.o
 .text          0x0000000000000210        0x0 ./core/k_err.o
 .text          0x0000000000000210        0x0 ./core/k_event.o
 .text          0x0000000000000210        0x0 ./core/k_idle.o
 .text          0x0000000000000210        0x0 ./core/k_mm.o
 .text          0x0000000000000210        0x0 ./core/k_mm_blk.o
 .text          0x0000000000000210        0x0 ./core/k_mm_debug.o
 .text          0x0000000000000210        0x0 ./core/k_mutex.o
 .text          0x0000000000000210        0x0 ./core/k_obj.o
 .text          0x0000000000000210        0x0 ./core/k_pend.o
 .text          0x0000000000000210        0x0 ./core/k_queue.o
 .text          0x0000000000000210        0x0 ./core/k_ringbuf.o
 .text          0x0000000000000210        0x0 ./core/k_sched.o
 .text          0x0000000000000210        0x0 ./core/k_sem.o
 .text          0x0000000000000210        0x0 ./core/k_stats.o
 .text          0x0000000000000210        0x0 ./core/k_sys.o
 .text          0x0000000000000210        0x0 ./core/k_task.o
 .text          0x0000000000000210        0x0 ./core/k_task_sem.o
 .text          0x0000000000000210        0x0 ./core/k_tick.o
 .text          0x0000000000000210        0x0 ./core/k_time.o
 .text          0x0000000000000210        0x0 ./core/k_timer.o
 .text          0x0000000000000210        0x0 ./core/k_workqueue.o
 .text          0x0000000000000210        0x0 ./m4/port_c.o
 .text          0x0000000000000210       0xa0 ./m4/port_s.o
                0x0000000000000210                cpu_intrpt_save
                0x0000000000000218                cpu_intrpt_restore
                0x000000000000021e                cpu_task_switch
                0x0000000000000226                cpu_intrpt_switch
                0x000000000000022e                cpu_first_task_start
                0x0000000000000256                PendSV_Handler
 .text          0x00000000000002b0        0x0 /Users/snowyang/workspace/MSP432_DriverLib_3_10_00_09/driverlib/MSP432P4xx/ccs/msp432p4xx_driverlib.lib(gpio.o)
 .text          0x00000000000002b0        0x0 /Users/snowyang/workspace/MSP432_DriverLib_3_10_00_09/driverlib/MSP432P4xx/ccs/msp432p4xx_driverlib.lib(i2c.o)
 .text          0x00000000000002b0        0x0 /Users/snowyang/workspace/MSP432_DriverLib_3_10_00_09/driverlib/MSP432P4xx/ccs/msp432p4xx_driverlib.lib(interrupt.o)
 .text          0x00000000000002b0        0x0 /Users/snowyang/workspace/MSP432_DriverLib_3_10_00_09/driverlib/MSP432P4xx/ccs/msp432p4xx_driverlib.lib(uart.o)
 .text          0x00000000000002b0        0x0 /Users/snowyang/workspace/MSP432_DriverLib_3_10_00_09/driverlib/MSP432P4xx/ccs/msp432p4xx_driverlib.lib(cpu.o)
 .text          0x00000000000002b0        0x0 /Applications/ti/ccsv6/tools/compiler/gcc-arm-none-eabi-4_9-2015q3/bin/../lib/gcc/arm-none-eabi/4.9.3/../../../../arm-none-eabi/lib/armv7e-m/fpu/libm.a(lib_a-w_pow.o)
 .text          0x00000000000002b0        0x0 /Applications/ti/ccsv6/tools/compiler/gcc-arm-none-eabi-4_9-2015q3/bin/../lib/gcc/arm-none-eabi/4.9.3/../../../../arm-none-eabi/lib/armv7e-m/fpu/libm.a(lib_a-e_pow.o)
 .text          0x00000000000002b0        0x0 /Applications/ti/ccsv6/tools/compiler/gcc-arm-none-eabi-4_9-2015q3/bin/../lib/gcc/arm-none-eabi/4.9.3/../../../../arm-none-eabi/lib/armv7e-m/fpu/libm.a(lib_a-e_sqrt.o)
 .text          0x00000000000002b0        0x0 /Applications/ti/ccsv6/tools/compiler/gcc-arm-none-eabi-4_9-2015q3/bin/../lib/gcc/arm-none-eabi/4.9.3/../../../../arm-none-eabi/lib/armv7e-m/fpu/libm.a(lib_a-s_fabs.o)
 .text          0x00000000000002b0        0x0 /Applications/ti/ccsv6/tools/compiler/gcc-arm-none-eabi-4_9-2015q3/bin/../lib/gcc/arm-none-eabi/4.9.3/../../../../arm-none-eabi/lib/armv7e-m/fpu/libm.a(lib_a-s_finite.o)
 .text          0x00000000000002b0        0x0 /Applications/ti/ccsv6/tools/compiler/gcc-arm-none-eabi-4_9-2015q3/bin/../lib/gcc/arm-none-eabi/4.9.3/../../../../arm-none-eabi/lib/armv7e-m/fpu/libm.a(lib_a-s_fpclassify.o)
 .text          0x00000000000002b0        0x0 /Applications/ti/ccsv6/tools/compiler/gcc-arm-none-eabi-4_9-2015q3/bin/../lib/gcc/arm-none-eabi/4.9.3/../../../../arm-none-eabi/lib/armv7e-m/fpu/libm.a(lib_a-s_lib_ver.o)
 .text          0x00000000000002b0        0x0 /Applications/ti/ccsv6/tools/compiler/gcc-arm-none-eabi-4_9-2015q3/bin/../lib/gcc/arm-none-eabi/4.9.3/../../../../arm-none-eabi/lib/armv7e-m/fpu/libm.a(lib_a-s_matherr.o)
 .text          0x00000000000002b0        0x0 /Applications/ti/ccsv6/tools/compiler/gcc-arm-none-eabi-4_9-2015q3/bin/../lib/gcc/arm-none-eabi/4.9.3/../../../../arm-none-eabi/lib/armv7e-m/fpu/libm.a(lib_a-s_nan.o)
 .text          0x00000000000002b0        0x0 /Applications/ti/ccsv6/tools/compiler/gcc-arm-none-eabi-4_9-2015q3/bin/../lib/gcc/arm-none-eabi/4.9.3/../../../../arm-none-eabi/lib/armv7e-m/fpu/libm.a(lib_a-s_rint.o)
 .text          0x00000000000002b0        0x0 /Applications/ti/ccsv6/tools/compiler/gcc-arm-none-eabi-4_9-2015q3/bin/../lib/gcc/arm-none-eabi/4.9.3/../../../../arm-none-eabi/lib/armv7e-m/fpu/libm.a(lib_a-s_scalbn.o)
 .text          0x00000000000002b0        0x0 /Applications/ti/ccsv6/tools/compiler/gcc-arm-none-eabi-4_9-2015q3/bin/../lib/gcc/arm-none-eabi/4.9.3/../../../../arm-none-eabi/lib/armv7e-m/fpu/libm.a(lib_a-s_copysign.o)
 .text          0x00000000000002b0        0x0 /Applications/ti/ccsv6/tools/compiler/gcc-arm-none-eabi-4_9-2015q3/bin/../lib/gcc/arm-none-eabi/4.9.3/../../../../arm-none-eabi/lib/armv7e-m/fpu/libc.a(lib_a-assert.o)
 .text          0x00000000000002b0        0x0 /Applications/ti/ccsv6/tools/compiler/gcc-arm-none-eabi-4_9-2015q3/bin/../lib/gcc/arm-none-eabi/4.9.3/../../../../arm-none-eabi/lib/armv7e-m/fpu/libc.a(lib_a-calloc.o)
 .text          0x00000000000002b0        0x0 /Applications/ti/ccsv6/tools/compiler/gcc-arm-none-eabi-4_9-2015q3/bin/../lib/gcc/arm-none-eabi/4.9.3/../../../../arm-none-eabi/lib/armv7e-m/fpu/libc.a(lib_a-callocr.o)
 .text          0x00000000000002b0        0x0 /Applications/ti/ccsv6/tools/compiler/gcc-arm-none-eabi-4_9-2015q3/bin/../lib/gcc/arm-none-eabi/4.9.3/../../../../arm-none-eabi/lib/armv7e-m/fpu/libc.a(lib_a-errno.o)
 .text          0x00000000000002b0        0x0 /Applications/ti/ccsv6/tools/compiler/gcc-arm-none-eabi-4_9-2015q3/bin/../lib/gcc/arm-none-eabi/4.9.3/../../../../arm-none-eabi/lib/armv7e-m/fpu/libc.a(lib_a-exit.o)
 .text          0x00000000000002b0        0x0 /Applications/ti/ccsv6/tools/compiler/gcc-arm-none-eabi-4_9-2015q3/bin/../lib/gcc/arm-none-eabi/4.9.3/../../../../arm-none-eabi/lib/armv7e-m/fpu/libc.a(lib_a-fiprintf.o)
 .text          0x00000000000002b0        0x0 /Applications/ti/ccsv6/tools/compiler/gcc-arm-none-eabi-4_9-2015q3/bin/../lib/gcc/arm-none-eabi/4.9.3/../../../../arm-none-eabi/lib/armv7e-m/fpu/libc.a(lib_a-impure.o)
 .text          0x00000000000002b0        0x0 /Applications/ti/ccsv6/tools/compiler/gcc-arm-none-eabi-4_9-2015q3/bin/../lib/gcc/arm-none-eabi/4.9.3/../../../../arm-none-eabi/lib/armv7e-m/fpu/libc.a(lib_a-init.o)
 .text          0x00000000000002b0        0x0 /Applications/ti/ccsv6/tools/compiler/gcc-arm-none-eabi-4_9-2015q3/bin/../lib/gcc/arm-none-eabi/4.9.3/../../../../arm-none-eabi/lib/armv7e-m/fpu/libc.a(lib_a-malloc.o)
 .text          0x00000000000002b0        0x0 /Applications/ti/ccsv6/tools/compiler/gcc-arm-none-eabi-4_9-2015q3/bin/../lib/gcc/arm-none-eabi/4.9.3/../../../../arm-none-eabi/lib/armv7e-m/fpu/libc.a(lib_a-mallocr.o)
 .text          0x00000000000002b0        0x0 /Applications/ti/ccsv6/tools/compiler/gcc-arm-none-eabi-4_9-2015q3/bin/../lib/gcc/arm-none-eabi/4.9.3/../../../../arm-none-eabi/lib/armv7e-m/fpu/libc.a(lib_a-memcmp.o)
 .text          0x00000000000002b0      0x134 /Applications/ti/ccsv6/tools/compiler/gcc-arm-none-eabi-4_9-2015q3/bin/../lib/gcc/arm-none-eabi/4.9.3/../../../../arm-none-eabi/lib/armv7e-m/fpu/libc.a(lib_a-memcpy.o)
                0x00000000000002b0                memcpy
 .text          0x00000000000003e4        0x0 /Applications/ti/ccsv6/tools/compiler/gcc-arm-none-eabi-4_9-2015q3/bin/../lib/gcc/arm-none-eabi/4.9.3/../../../../arm-none-eabi/lib/armv7e-m/fpu/libc.a(lib_a-memset.o)
 .text          0x00000000000003e4        0x0 /Applications/ti/ccsv6/tools/compiler/gcc-arm-none-eabi-4_9-2015q3/bin/../lib/gcc/arm-none-eabi/4.9.3/../../../../arm-none-eabi/lib/armv7e-m/fpu/libc.a(lib_a-mlock.o)
 .text          0x00000000000003e4        0x0 /Applications/ti/ccsv6/tools/compiler/gcc-arm-none-eabi-4_9-2015q3/bin/../lib/gcc/arm-none-eabi/4.9.3/../../../../arm-none-eabi/lib/armv7e-m/fpu/libc.a(lib_a-printf.o)
 .text          0x00000000000003e4        0x0 /Applications/ti/ccsv6/tools/compiler/gcc-arm-none-eabi-4_9-2015q3/bin/../lib/gcc/arm-none-eabi/4.9.3/../../../../arm-none-eabi/lib/armv7e-m/fpu/libc.a(lib_a-puts.o)
 .text          0x00000000000003e4        0x0 /Applications/ti/ccsv6/tools/compiler/gcc-arm-none-eabi-4_9-2015q3/bin/../lib/gcc/arm-none-eabi/4.9.3/../../../../arm-none-eabi/lib/armv7e-m/fpu/libc.a(lib_a-realloc.o)
 .text          0x00000000000003e4        0x0 /Applications/ti/ccsv6/tools/compiler/gcc-arm-none-eabi-4_9-2015q3/bin/../lib/gcc/arm-none-eabi/4.9.3/../../../../arm-none-eabi/lib/armv7e-m/fpu/libc.a(lib_a-reallocr.o)
 .text          0x00000000000003e4        0x0 /Applications/ti/ccsv6/tools/compiler/gcc-arm-none-eabi-4_9-2015q3/bin/../lib/gcc/arm-none-eabi/4.9.3/../../../../arm-none-eabi/lib/armv7e-m/fpu/libc.a(lib_a-sbrkr.o)
 .text          0x00000000000003e4        0x0 /Applications/ti/ccsv6/tools/compiler/gcc-arm-none-eabi-4_9-2015q3/bin/../lib/gcc/arm-none-eabi/4.9.3/../../../../arm-none-eabi/lib/armv7e-m/fpu/libc.a(lib_a-snprintf.o)
 .text          0x00000000000003e4        0x0 /Applications/ti/ccsv6/tools/compiler/gcc-arm-none-eabi-4_9-2015q3/bin/../lib/gcc/arm-none-eabi/4.9.3/../../../../arm-none-eabi/lib/armv7e-m/fpu/libc.a(lib_a-sprintf.o)
 .text          0x00000000000003e4        0x0 /Applications/ti/ccsv6/tools/compiler/gcc-arm-none-eabi-4_9-2015q3/bin/../lib/gcc/arm-none-eabi/4.9.3/../../../../arm-none-eabi/lib/armv7e-m/fpu/libc.a(lib_a-sscanf.o)
 .text          0x00000000000003e4        0x0 /Applications/ti/ccsv6/tools/compiler/gcc-arm-none-eabi-4_9-2015q3/bin/../lib/gcc/arm-none-eabi/4.9.3/../../../../arm-none-eabi/lib/armv7e-m/fpu/libc.a(lib_a-stdio.o)
 *fill*         0x00000000000003e4       0x1c 
 .text          0x0000000000000400      0x2dc /Applications/ti/ccsv6/tools/compiler/gcc-arm-none-eabi-4_9-2015q3/bin/../lib/gcc/arm-none-eabi/4.9.3/../../../../arm-none-eabi/lib/armv7e-m/fpu/libc.a(lib_a-strcmp.o)
                0x0000000000000408                strcmp
 .text          0x00000000000006dc        0x0 /Applications/ti/ccsv6/tools/compiler/gcc-arm-none-eabi-4_9-2015q3/bin/../lib/gcc/arm-none-eabi/4.9.3/../../../../arm-none-eabi/lib/armv7e-m/fpu/libc.a(lib_a-strcpy.o)
 .text          0x00000000000006dc        0x0 /Applications/ti/ccsv6/tools/compiler/gcc-arm-none-eabi-4_9-2015q3/bin/../lib/gcc/arm-none-eabi/4.9.3/../../../../arm-none-eabi/lib/armv7e-m/fpu/libc.a(lib_a-strlen.o)
 .text          0x00000000000006dc        0x0 /Applications/ti/ccsv6/tools/compiler/gcc-arm-none-eabi-4_9-2015q3/bin/../lib/gcc/arm-none-eabi/4.9.3/../../../../arm-none-eabi/lib/armv7e-m/fpu/libc.a(lib_a-strncmp.o)
 .text          0x00000000000006dc        0x0 /Applications/ti/ccsv6/tools/compiler/gcc-arm-none-eabi-4_9-2015q3/bin/../lib/gcc/arm-none-eabi/4.9.3/../../../../arm-none-eabi/lib/armv7e-m/fpu/libc.a(lib_a-strncpy.o)
 .text          0x00000000000006dc        0x0 /Applications/ti/ccsv6/tools/compiler/gcc-arm-none-eabi-4_9-2015q3/bin/../lib/gcc/arm-none-eabi/4.9.3/../../../../arm-none-eabi/lib/armv7e-m/fpu/libc.a(lib_a-strtoul.o)
 .text          0x00000000000006dc        0x0 /Applications/ti/ccsv6/tools/compiler/gcc-arm-none-eabi-4_9-2015q3/bin/../lib/gcc/arm-none-eabi/4.9.3/../../../../arm-none-eabi/lib/armv7e-m/fpu/libc.a(lib_a-strtoull.o)
 .text          0x00000000000006dc        0x0 /Applications/ti/ccsv6/tools/compiler/gcc-arm-none-eabi-4_9-2015q3/bin/../lib/gcc/arm-none-eabi/4.9.3/../../../../arm-none-eabi/lib/armv7e-m/fpu/libc.a(lib_a-strtoull_r.o)
 .text          0x00000000000006dc        0x0 /Applications/ti/ccsv6/tools/compiler/gcc-arm-none-eabi-4_9-2015q3/bin/../lib/gcc/arm-none-eabi/4.9.3/../../../../arm-none-eabi/lib/armv7e-m/fpu/libc.a(lib_a-svfprintf.o)
 .text          0x00000000000006dc        0x0 /Applications/ti/ccsv6/tools/compiler/gcc-arm-none-eabi-4_9-2015q3/bin/../lib/gcc/arm-none-eabi/4.9.3/../../../../arm-none-eabi/lib/armv7e-m/fpu/libc.a(lib_a-svfscanf.o)
 .text          0x00000000000006dc        0x0 /Applications/ti/ccsv6/tools/compiler/gcc-arm-none-eabi-4_9-2015q3/bin/../lib/gcc/arm-none-eabi/4.9.3/../../../../arm-none-eabi/lib/armv7e-m/fpu/libc.a(lib_a-vfiprintf.o)
 .text          0x00000000000006dc        0x0 /Applications/ti/ccsv6/tools/compiler/gcc-arm-none-eabi-4_9-2015q3/bin/../lib/gcc/arm-none-eabi/4.9.3/../../../../arm-none-eabi/lib/armv7e-m/fpu/libc.a(lib_a-vfprintf.o)
 .text          0x00000000000006dc        0x0 /Applications/ti/ccsv6/tools/compiler/gcc-arm-none-eabi-4_9-2015q3/bin/../lib/gcc/arm-none-eabi/4.9.3/../../../../arm-none-eabi/lib/armv7e-m/fpu/libc.a(lib_a-vprintf.o)
 .text          0x00000000000006dc        0x0 /Applications/ti/ccsv6/tools/compiler/gcc-arm-none-eabi-4_9-2015q3/bin/../lib/gcc/arm-none-eabi/4.9.3/../../../../arm-none-eabi/lib/armv7e-m/fpu/libc.a(lib_a-vsprintf.o)
 .text          0x00000000000006dc        0x0 /Applications/ti/ccsv6/tools/compiler/gcc-arm-none-eabi-4_9-2015q3/bin/../lib/gcc/arm-none-eabi/4.9.3/../../../../arm-none-eabi/lib/armv7e-m/fpu/libc.a(lib_a-vsscanf.o)
 .text          0x00000000000006dc        0x0 /Applications/ti/ccsv6/tools/compiler/gcc-arm-none-eabi-4_9-2015q3/bin/../lib/gcc/arm-none-eabi/4.9.3/../../../../arm-none-eabi/lib/armv7e-m/fpu/libc.a(lib_a-writer.o)
 .text          0x00000000000006dc        0x0 /Applications/ti/ccsv6/tools/compiler/gcc-arm-none-eabi-4_9-2015q3/bin/../lib/gcc/arm-none-eabi/4.9.3/../../../../arm-none-eabi/lib/armv7e-m/fpu/libc.a(lib_a-wsetup.o)
 .text          0x00000000000006dc        0x0 /Applications/ti/ccsv6/tools/compiler/gcc-arm-none-eabi-4_9-2015q3/bin/../lib/gcc/arm-none-eabi/4.9.3/../../../../arm-none-eabi/lib/armv7e-m/fpu/libc.a(lib_a-__call_atexit.o)
 .text          0x00000000000006dc        0x0 /Applications/ti/ccsv6/tools/compiler/gcc-arm-none-eabi-4_9-2015q3/bin/../lib/gcc/arm-none-eabi/4.9.3/../../../../arm-none-eabi/lib/armv7e-m/fpu/libc.a(lib_a-abort.o)
 .text          0x00000000000006dc        0x0 /Applications/ti/ccsv6/tools/compiler/gcc-arm-none-eabi-4_9-2015q3/bin/../lib/gcc/arm-none-eabi/4.9.3/../../../../arm-none-eabi/lib/armv7e-m/fpu/libc.a(lib_a-atexit.o)
 .text          0x00000000000006dc        0x0 /Applications/ti/ccsv6/tools/compiler/gcc-arm-none-eabi-4_9-2015q3/bin/../lib/gcc/arm-none-eabi/4.9.3/../../../../arm-none-eabi/lib/armv7e-m/fpu/libc.a(lib_a-closer.o)
 .text          0x00000000000006dc        0x0 /Applications/ti/ccsv6/tools/compiler/gcc-arm-none-eabi-4_9-2015q3/bin/../lib/gcc/arm-none-eabi/4.9.3/../../../../arm-none-eabi/lib/armv7e-m/fpu/libc.a(lib_a-ctype_.o)
 .text          0x00000000000006dc        0x0 /Applications/ti/ccsv6/tools/compiler/gcc-arm-none-eabi-4_9-2015q3/bin/../lib/gcc/arm-none-eabi/4.9.3/../../../../arm-none-eabi/lib/armv7e-m/fpu/libc.a(lib_a-dtoa.o)
 .text          0x00000000000006dc        0x0 /Applications/ti/ccsv6/tools/compiler/gcc-arm-none-eabi-4_9-2015q3/bin/../lib/gcc/arm-none-eabi/4.9.3/../../../../arm-none-eabi/lib/armv7e-m/fpu/libc.a(lib_a-fflush.o)
 .text          0x00000000000006dc        0x0 /Applications/ti/ccsv6/tools/compiler/gcc-arm-none-eabi-4_9-2015q3/bin/../lib/gcc/arm-none-eabi/4.9.3/../../../../arm-none-eabi/lib/armv7e-m/fpu/libc.a(lib_a-findfp.o)
 .text          0x00000000000006dc        0x0 /Applications/ti/ccsv6/tools/compiler/gcc-arm-none-eabi-4_9-2015q3/bin/../lib/gcc/arm-none-eabi/4.9.3/../../../../arm-none-eabi/lib/armv7e-m/fpu/libc.a(lib_a-fini.o)
 .text          0x00000000000006dc        0x0 /Applications/ti/ccsv6/tools/compiler/gcc-arm-none-eabi-4_9-2015q3/bin/../lib/gcc/arm-none-eabi/4.9.3/../../../../arm-none-eabi/lib/armv7e-m/fpu/libc.a(lib_a-fputwc.o)
 .text          0x00000000000006dc        0x0 /Applications/ti/ccsv6/tools/compiler/gcc-arm-none-eabi-4_9-2015q3/bin/../lib/gcc/arm-none-eabi/4.9.3/../../../../arm-none-eabi/lib/armv7e-m/fpu/libc.a(lib_a-freer.o)
 .text          0x00000000000006dc        0x0 /Applications/ti/ccsv6/tools/compiler/gcc-arm-none-eabi-4_9-2015q3/bin/../lib/gcc/arm-none-eabi/4.9.3/../../../../arm-none-eabi/lib/armv7e-m/fpu/libc.a(lib_a-fvwrite.o)
 .text          0x00000000000006dc        0x0 /Applications/ti/ccsv6/tools/compiler/gcc-arm-none-eabi-4_9-2015q3/bin/../lib/gcc/arm-none-eabi/4.9.3/../../../../arm-none-eabi/lib/armv7e-m/fpu/libc.a(lib_a-fwalk.o)
 .text          0x00000000000006dc        0x0 /Applications/ti/ccsv6/tools/compiler/gcc-arm-none-eabi-4_9-2015q3/bin/../lib/gcc/arm-none-eabi/4.9.3/../../../../arm-none-eabi/lib/armv7e-m/fpu/libc.a(lib_a-iswspace.o)
 .text          0x00000000000006dc        0x0 /Applications/ti/ccsv6/tools/compiler/gcc-arm-none-eabi-4_9-2015q3/bin/../lib/gcc/arm-none-eabi/4.9.3/../../../../arm-none-eabi/lib/armv7e-m/fpu/libc.a(lib_a-locale.o)
 .text          0x00000000000006dc        0x0 /Applications/ti/ccsv6/tools/compiler/gcc-arm-none-eabi-4_9-2015q3/bin/../lib/gcc/arm-none-eabi/4.9.3/../../../../arm-none-eabi/lib/armv7e-m/fpu/libc.a(lib_a-lseekr.o)
 .text          0x00000000000006dc        0x0 /Applications/ti/ccsv6/tools/compiler/gcc-arm-none-eabi-4_9-2015q3/bin/../lib/gcc/arm-none-eabi/4.9.3/../../../../arm-none-eabi/lib/armv7e-m/fpu/libc.a(lib_a-makebuf.o)
 .text          0x00000000000006dc        0x0 /Applications/ti/ccsv6/tools/compiler/gcc-arm-none-eabi-4_9-2015q3/bin/../lib/gcc/arm-none-eabi/4.9.3/../../../../arm-none-eabi/lib/armv7e-m/fpu/libc.a(lib_a-mbrtowc.o)
 .text          0x00000000000006dc        0x0 /Applications/ti/ccsv6/tools/compiler/gcc-arm-none-eabi-4_9-2015q3/bin/../lib/gcc/arm-none-eabi/4.9.3/../../../../arm-none-eabi/lib/armv7e-m/fpu/libc.a(lib_a-mbtowc_r.o)
 .text          0x00000000000006dc        0x0 /Applications/ti/ccsv6/tools/compiler/gcc-arm-none-eabi-4_9-2015q3/bin/../lib/gcc/arm-none-eabi/4.9.3/../../../../arm-none-eabi/lib/armv7e-m/fpu/libc.a(lib_a-memchr.o)
 .text          0x00000000000006dc        0x0 /Applications/ti/ccsv6/tools/compiler/gcc-arm-none-eabi-4_9-2015q3/bin/../lib/gcc/arm-none-eabi/4.9.3/../../../../arm-none-eabi/lib/armv7e-m/fpu/libc.a(lib_a-memmove.o)
 .text          0x00000000000006dc        0x0 /Applications/ti/ccsv6/tools/compiler/gcc-arm-none-eabi-4_9-2015q3/bin/../lib/gcc/arm-none-eabi/4.9.3/../../../../arm-none-eabi/lib/armv7e-m/fpu/libc.a(lib_a-mprec.o)
 .text          0x00000000000006dc        0x0 /Applications/ti/ccsv6/tools/compiler/gcc-arm-none-eabi-4_9-2015q3/bin/../lib/gcc/arm-none-eabi/4.9.3/../../../../arm-none-eabi/lib/armv7e-m/fpu/libc.a(lib_a-readr.o)
 .text          0x00000000000006dc        0x0 /Applications/ti/ccsv6/tools/compiler/gcc-arm-none-eabi-4_9-2015q3/bin/../lib/gcc/arm-none-eabi/4.9.3/../../../../arm-none-eabi/lib/armv7e-m/fpu/libc.a(lib_a-reent.o)
 .text          0x00000000000006dc        0x0 /Applications/ti/ccsv6/tools/compiler/gcc-arm-none-eabi-4_9-2015q3/bin/../lib/gcc/arm-none-eabi/4.9.3/../../../../arm-none-eabi/lib/armv7e-m/fpu/libc.a(lib_a-sccl.o)
 .text          0x00000000000006dc        0x0 /Applications/ti/ccsv6/tools/compiler/gcc-arm-none-eabi-4_9-2015q3/bin/../lib/gcc/arm-none-eabi/4.9.3/../../../../arm-none-eabi/lib/armv7e-m/fpu/libc.a(lib_a-sf_nan.o)
 .text          0x00000000000006dc        0x0 /Applications/ti/ccsv6/tools/compiler/gcc-arm-none-eabi-4_9-2015q3/bin/../lib/gcc/arm-none-eabi/4.9.3/../../../../arm-none-eabi/lib/armv7e-m/fpu/libc.a(lib_a-signal.o)
 .text          0x00000000000006dc        0x0 /Applications/ti/ccsv6/tools/compiler/gcc-arm-none-eabi-4_9-2015q3/bin/../lib/gcc/arm-none-eabi/4.9.3/../../../../arm-none-eabi/lib/armv7e-m/fpu/libc.a(lib_a-signalr.o)
 .text          0x00000000000006dc        0x0 /Applications/ti/ccsv6/tools/compiler/gcc-arm-none-eabi-4_9-2015q3/bin/../lib/gcc/arm-none-eabi/4.9.3/../../../../arm-none-eabi/lib/armv7e-m/fpu/libc.a(lib_a-strtod.o)
 .text          0x00000000000006dc        0x0 /Applications/ti/ccsv6/tools/compiler/gcc-arm-none-eabi-4_9-2015q3/bin/../lib/gcc/arm-none-eabi/4.9.3/../../../../arm-none-eabi/lib/armv7e-m/fpu/libc.a(lib_a-strtol.o)
 .text          0x00000000000006dc        0x0 /Applications/ti/ccsv6/tools/compiler/gcc-arm-none-eabi-4_9-2015q3/bin/../lib/gcc/arm-none-eabi/4.9.3/../../../../arm-none-eabi/lib/armv7e-m/fpu/libc.a(lib_a-strtoll_r.o)
 .text          0x00000000000006dc        0x0 /Applications/ti/ccsv6/tools/compiler/gcc-arm-none-eabi-4_9-2015q3/bin/../lib/gcc/arm-none-eabi/4.9.3/../../../../arm-none-eabi/lib/armv7e-m/fpu/libc.a(lib_a-svfiprintf.o)
 .text          0x00000000000006dc        0x0 /Applications/ti/ccsv6/tools/compiler/gcc-arm-none-eabi-4_9-2015q3/bin/../lib/gcc/arm-none-eabi/4.9.3/../../../../arm-none-eabi/lib/armv7e-m/fpu/libc.a(lib_a-svfiscanf.o)
 .text          0x00000000000006dc        0x0 /Applications/ti/ccsv6/tools/compiler/gcc-arm-none-eabi-4_9-2015q3/bin/../lib/gcc/arm-none-eabi/4.9.3/../../../../arm-none-eabi/lib/armv7e-m/fpu/libc.a(lib_a-ungetc.o)
 .text          0x00000000000006dc        0x0 /Applications/ti/ccsv6/tools/compiler/gcc-arm-none-eabi-4_9-2015q3/bin/../lib/gcc/arm-none-eabi/4.9.3/../../../../arm-none-eabi/lib/armv7e-m/fpu/libc.a(lib_a-wbuf.o)
 .text          0x00000000000006dc        0x0 /Applications/ti/ccsv6/tools/compiler/gcc-arm-none-eabi-4_9-2015q3/bin/../lib/gcc/arm-none-eabi/4.9.3/../../../../arm-none-eabi/lib/armv7e-m/fpu/libc.a(lib_a-wcrtomb.o)
 .text          0x00000000000006dc        0x0 /Applications/ti/ccsv6/tools/compiler/gcc-arm-none-eabi-4_9-2015q3/bin/../lib/gcc/arm-none-eabi/4.9.3/../../../../arm-none-eabi/lib/armv7e-m/fpu/libc.a(lib_a-wctomb_r.o)
 .text          0x00000000000006dc        0x0 /Applications/ti/ccsv6/tools/compiler/gcc-arm-none-eabi-4_9-2015q3/bin/../lib/gcc/arm-none-eabi/4.9.3/../../../../arm-none-eabi/lib/armv7e-m/fpu/libc.a(lib_a-__atexit.o)
 .text          0x00000000000006dc        0x0 /Applications/ti/ccsv6/tools/compiler/gcc-arm-none-eabi-4_9-2015q3/bin/../lib/gcc/arm-none-eabi/4.9.3/../../../../arm-none-eabi/lib/armv7e-m/fpu/libc.a(lib_a-fclose.o)
 .text          0x00000000000006dc        0x0 /Applications/ti/ccsv6/tools/compiler/gcc-arm-none-eabi-4_9-2015q3/bin/../lib/gcc/arm-none-eabi/4.9.3/../../../../arm-none-eabi/lib/armv7e-m/fpu/libc.a(lib_a-fstatr.o)
 .text          0x00000000000006dc        0x0 /Applications/ti/ccsv6/tools/compiler/gcc-arm-none-eabi-4_9-2015q3/bin/../lib/gcc/arm-none-eabi/4.9.3/../../../../arm-none-eabi/lib/armv7e-m/fpu/libc.a(lib_a-gdtoa-gethex.o)
 .text          0x00000000000006dc        0x0 /Applications/ti/ccsv6/tools/compiler/gcc-arm-none-eabi-4_9-2015q3/bin/../lib/gcc/arm-none-eabi/4.9.3/../../../../arm-none-eabi/lib/armv7e-m/fpu/libc.a(lib_a-gdtoa-hexnan.o)
 .text          0x00000000000006dc        0x0 /Applications/ti/ccsv6/tools/compiler/gcc-arm-none-eabi-4_9-2015q3/bin/../lib/gcc/arm-none-eabi/4.9.3/../../../../arm-none-eabi/lib/armv7e-m/fpu/libc.a(lib_a-isattyr.o)
 .text          0x00000000000006dc        0x0 /Applications/ti/ccsv6/tools/compiler/gcc-arm-none-eabi-4_9-2015q3/bin/../lib/gcc/arm-none-eabi/4.9.3/../../../../arm-none-eabi/lib/armv7e-m/fpu/libnosys.a(close.o)
 .text          0x00000000000006dc        0x0 /Applications/ti/ccsv6/tools/compiler/gcc-arm-none-eabi-4_9-2015q3/bin/../lib/gcc/arm-none-eabi/4.9.3/../../../../arm-none-eabi/lib/armv7e-m/fpu/libnosys.a(fstat.o)
 .text          0x00000000000006dc        0x0 /Applications/ti/ccsv6/tools/compiler/gcc-arm-none-eabi-4_9-2015q3/bin/../lib/gcc/arm-none-eabi/4.9.3/../../../../arm-none-eabi/lib/armv7e-m/fpu/libnosys.a(getpid.o)
 .text          0x00000000000006dc        0x0 /Applications/ti/ccsv6/tools/compiler/gcc-arm-none-eabi-4_9-2015q3/bin/../lib/gcc/arm-none-eabi/4.9.3/../../../../arm-none-eabi/lib/armv7e-m/fpu/libnosys.a(isatty.o)
 .text          0x00000000000006dc        0x0 /Applications/ti/ccsv6/tools/compiler/gcc-arm-none-eabi-4_9-2015q3/bin/../lib/gcc/arm-none-eabi/4.9.3/../../../../arm-none-eabi/lib/armv7e-m/fpu/libnosys.a(kill.o)
 .text          0x00000000000006dc        0x0 /Applications/ti/ccsv6/tools/compiler/gcc-arm-none-eabi-4_9-2015q3/bin/../lib/gcc/arm-none-eabi/4.9.3/../../../../arm-none-eabi/lib/armv7e-m/fpu/libnosys.a(lseek.o)
 .text          0x00000000000006dc        0x0 /Applications/ti/ccsv6/tools/compiler/gcc-arm-none-eabi-4_9-2015q3/bin/../lib/gcc/arm-none-eabi/4.9.3/../../../../arm-none-eabi/lib/armv7e-m/fpu/libnosys.a(read.o)
 .text          0x00000000000006dc        0x0 /Applications/ti/ccsv6/tools/compiler/gcc-arm-none-eabi-4_9-2015q3/bin/../lib/gcc/arm-none-eabi/4.9.3/../../../../arm-none-eabi/lib/armv7e-m/fpu/libnosys.a(sbrk.o)
 .text          0x00000000000006dc        0x0 /Applications/ti/ccsv6/tools/compiler/gcc-arm-none-eabi-4_9-2015q3/bin/../lib/gcc/arm-none-eabi/4.9.3/../../../../arm-none-eabi/lib/armv7e-m/fpu/libnosys.a(_exit.o)
 .text          0x00000000000006dc      0x370 /Applications/ti/ccsv6/tools/compiler/gcc-arm-none-eabi-4_9-2015q3/bin/../lib/gcc/arm-none-eabi/4.9.3/armv7e-m/fpu/libgcc.a(_arm_addsubdf3.o)
                0x00000000000006dc                __aeabi_drsub
                0x00000000000006e4                __subdf3
                0x00000000000006e4                __aeabi_dsub
                0x00000000000006e8                __aeabi_dadd
                0x00000000000006e8                __adddf3
                0x0000000000000960                __aeabi_ui2d
                0x0000000000000960                __floatunsidf
                0x0000000000000980                __floatsidf
                0x0000000000000980                __aeabi_i2d
                0x00000000000009a4                __extendsfdf2
                0x00000000000009a4                __aeabi_f2d
                0x00000000000009e0                __aeabi_ul2d
                0x00000000000009e0                __floatundidf
                0x00000000000009f0                __aeabi_l2d
                0x00000000000009f0                __floatdidf
 .text          0x0000000000000a4c      0x424 /Applications/ti/ccsv6/tools/compiler/gcc-arm-none-eabi-4_9-2015q3/bin/../lib/gcc/arm-none-eabi/4.9.3/armv7e-m/fpu/libgcc.a(_arm_muldivdf3.o)
                0x0000000000000a4c                __aeabi_dmul
                0x0000000000000a4c                __muldf3
                0x0000000000000ca0                __aeabi_ddiv
                0x0000000000000ca0                __divdf3
 .text          0x0000000000000e70      0x110 /Applications/ti/ccsv6/tools/compiler/gcc-arm-none-eabi-4_9-2015q3/bin/../lib/gcc/arm-none-eabi/4.9.3/armv7e-m/fpu/libgcc.a(_arm_cmpdf2.o)
                0x0000000000000e70                __gedf2
                0x0000000000000e70                __gtdf2
                0x0000000000000e78                __ledf2
                0x0000000000000e78                __ltdf2
                0x0000000000000e80                __cmpdf2
                0x0000000000000e80                __eqdf2
                0x0000000000000e80                __nedf2
                0x0000000000000efc                __aeabi_cdrcmple
                0x0000000000000f0c                __aeabi_cdcmple
                0x0000000000000f0c                __aeabi_cdcmpeq
                0x0000000000000f1c                __aeabi_dcmpeq
                0x0000000000000f30                __aeabi_dcmplt
                0x0000000000000f44                __aeabi_dcmple
                0x0000000000000f58                __aeabi_dcmpge
                0x0000000000000f6c                __aeabi_dcmpgt
 .text          0x0000000000000f80       0x50 /Applications/ti/ccsv6/tools/compiler/gcc-arm-none-eabi-4_9-2015q3/bin/../lib/gcc/arm-none-eabi/4.9.3/armv7e-m/fpu/libgcc.a(_arm_fixdfsi.o)
                0x0000000000000f80                __fixdfsi
                0x0000000000000f80                __aeabi_d2iz
 .text          0x0000000000000fd0       0x40 /Applications/ti/ccsv6/tools/compiler/gcc-arm-none-eabi-4_9-2015q3/bin/../lib/gcc/arm-none-eabi/4.9.3/armv7e-m/fpu/libgcc.a(_arm_fixunsdfsi.o)
                0x0000000000000fd0                __fixunsdfsi
                0x0000000000000fd0                __aeabi_d2uiz
 .text          0x0000000000001010       0xa0 /Applications/ti/ccsv6/tools/compiler/gcc-arm-none-eabi-4_9-2015q3/bin/../lib/gcc/arm-none-eabi/4.9.3/armv7e-m/fpu/libgcc.a(_arm_truncdfsf2.o)
                0x0000000000001010                __aeabi_d2f
                0x0000000000001010                __truncdfsf2
 .text          0x00000000000010b0       0x30 /Applications/ti/ccsv6/tools/compiler/gcc-arm-none-eabi-4_9-2015q3/bin/../lib/gcc/arm-none-eabi/4.9.3/armv7e-m/fpu/libgcc.a(_aeabi_uldivmod.o)
                0x00000000000010b0                __aeabi_uldivmod
 .text          0x00000000000010e0       0x60 /Applications/ti/ccsv6/tools/compiler/gcc-arm-none-eabi-4_9-2015q3/bin/../lib/gcc/arm-none-eabi/4.9.3/armv7e-m/fpu/libgcc.a(bpabi.o)
                0x00000000000010e0                __gnu_ldivmod_helper
                0x0000000000001110                __gnu_uldivmod_helper
 .text          0x0000000000001140        0x4 /Applications/ti/ccsv6/tools/compiler/gcc-arm-none-eabi-4_9-2015q3/bin/../lib/gcc/arm-none-eabi/4.9.3/armv7e-m/fpu/libgcc.a(_dvmd_tls.o)
                0x0000000000001140                __aeabi_ldiv0
                0x0000000000001140                __aeabi_idiv0
 .text          0x0000000000001144      0x29c /Applications/ti/ccsv6/tools/compiler/gcc-arm-none-eabi-4_9-2015q3/bin/../lib/gcc/arm-none-eabi/4.9.3/armv7e-m/fpu/libgcc.a(_divdi3.o)
                0x0000000000001144                __divdi3
 .text          0x00000000000013e0      0x26c /Applications/ti/ccsv6/tools/compiler/gcc-arm-none-eabi-4_9-2015q3/bin/../lib/gcc/arm-none-eabi/4.9.3/armv7e-m/fpu/libgcc.a(_udivdi3.o)
                0x00000000000013e0                __udivdi3
 .text          0x000000000000164c        0x0 /Applications/ti/ccsv6/tools/compiler/gcc-arm-none-eabi-4_9-2015q3/bin/../lib/gcc/arm-none-eabi/4.9.3/armv7e-m/fpu/crtend.o
 .text          0x000000000000164c        0x0 /Applications/ti/ccsv6/tools/compiler/gcc-arm-none-eabi-4_9-2015q3/bin/../lib/gcc/arm-none-eabi/4.9.3/armv7e-m/fpu/crtn.o
 *(.text.*)
 .text.console_task_init
                0x000000000000164c       0x3c ./app_console.o
                0x000000000000164c                console_task_init
 .text.OLED_ShowStatusString
                0x0000000000001688       0x28 ./app_console.o
                0x0000000000001688                OLED_ShowStatusString
 .text.handle_read_console
                0x00000000000016b0       0x20 ./app_console.o
                0x00000000000016b0                handle_read_console
 .text.handle_write_console
                0x00000000000016d0       0x5c ./app_console.o
                0x00000000000016d0                handle_write_console
 .text.alisds_event_handler
                0x000000000000172c       0x90 ./app_console.o
                0x000000000000172c                alisds_event_handler
 .text.rgbled_task_init
                0x00000000000017bc       0xec ./app_rgbled.o
                0x00000000000017bc                rgbled_task_init
 .text.handle_write_cur_saturation
                0x00000000000018a8       0x60 ./app_rgbled.o
                0x00000000000018a8                handle_write_cur_saturation
 .text.handle_write_cur_bright
                0x0000000000001908       0x60 ./app_rgbled.o
                0x0000000000001908                handle_write_cur_bright
 .text.handle_write_cur_hue
                0x0000000000001968       0xb0 ./app_rgbled.o
                0x0000000000001968                handle_write_cur_hue
 .text.handle_write_cur_light_switch
                0x0000000000001a18       0x5c ./app_rgbled.o
                0x0000000000001a18                handle_write_cur_light_switch
 .text.handle_read_cur_saturation
                0x0000000000001a74       0x2c ./app_rgbled.o
                0x0000000000001a74                handle_read_cur_saturation
 .text.handle_read_cur_bright
                0x0000000000001aa0       0x2c ./app_rgbled.o
                0x0000000000001aa0                handle_read_cur_bright
 .text.handle_read_cur_hue
                0x0000000000001acc       0x2c ./app_rgbled.o
                0x0000000000001acc                handle_read_cur_hue
 .text.handle_read_cur_light_switch
                0x0000000000001af8       0x24 ./app_rgbled.o
                0x0000000000001af8                handle_read_cur_light_switch
 .text.SHT20_task_init
                0x0000000000001b1c       0xd0 ./app_sht20.o
                0x0000000000001b1c                SHT20_task_init
 .text.SHT20_task
                0x0000000000001bec       0xa8 ./app_sht20.o
                0x0000000000001bec                SHT20_task
 .text.handle_read_cur_humidity
                0x0000000000001c94       0x2c ./app_sht20.o
                0x0000000000001c94                handle_read_cur_humidity
 .text.handle_read_cur_temperature
                0x0000000000001cc0       0x2c ./app_sht20.o
                0x0000000000001cc0                handle_read_cur_temperature
 .text.switch_task_init
                0x0000000000001cec       0xa4 ./app_switch.o
                0x0000000000001cec                switch_task_init
 .text.switch_task
                0x0000000000001d90       0x74 ./app_switch.o
                0x0000000000001d90                switch_task
 .text.handle_read_cur_switch_1
                0x0000000000001e04       0x24 ./app_switch.o
                0x0000000000001e04                handle_read_cur_switch_1
 .text.handle_read_cur_switch_2
                0x0000000000001e28       0x24 ./app_switch.o
                0x0000000000001e28                handle_read_cur_switch_2
 .text.NVIC_SetPriority
                0x0000000000001e4c       0x54 ./main.o
 .text.SysTick_Config
                0x0000000000001ea0       0x44 ./main.o
 .text.PORT4_IRQHandler
                0x0000000000001ee4       0x34 ./main.o
                0x0000000000001ee4                PORT4_IRQHandler
 .text.usr_clicked_handler
                0x0000000000001f18        0xc ./main.o
                0x0000000000001f18                usr_clicked_handler
 .text.usr_long_pressed_handler
                0x0000000000001f24       0x2c ./main.o
                0x0000000000001f24                usr_long_pressed_handler
 .text._main    0x0000000000001f50       0xa4 ./main.o
                0x0000000000001f50                _main
 .text.demo_task
                0x0000000000001ff4       0x14 ./main.o
                0x0000000000001ff4                demo_task
 .text.soc_init
                0x0000000000002008       0x24 ./main.o
                0x0000000000002008                soc_init
 .text.main     0x000000000000202c       0x54 ./main.o
                0x000000000000202c                main
 .text.SysTick_Handler
                0x0000000000002080       0x18 ./main.o
                0x0000000000002080                SysTick_Handler
 .text._write   0x0000000000002098       0x64 ./main.o
                0x0000000000002098                _write
 .text.resetISR
                0x00000000000020fc       0x5c ./startup_msp432p401r_gcc.o
 .text.nmiISR   0x0000000000002158        0x8 ./startup_msp432p401r_gcc.o
 .text.faultISR
                0x0000000000002160        0x8 ./startup_msp432p401r_gcc.o
 .text.defaultISR
                0x0000000000002168        0x8 ./startup_msp432p401r_gcc.o
 .text.SystemInit
                0x0000000000002170       0xa8 ./system_msp432p401r.o
                0x0000000000002170                SystemInit
 .text.alisds_init
                0x0000000000002218      0x13c ./Board/AliCloud_SDS/alicloud_sds.o
                0x0000000000002218                alisds_init
 .text.alisds_attr_init
                0x0000000000002354       0x64 ./Board/AliCloud_SDS/alicloud_sds.o
                0x0000000000002354                alisds_attr_init
 .text._handle_state_initialize
                0x00000000000023b8      0x164 ./Board/AliCloud_SDS/alicloud_sds.o
 .text.alisds_attr_indicate_by_handle
                0x000000000000251c       0x64 ./Board/AliCloud_SDS/alicloud_sds.o
                0x000000000000251c                alisds_attr_indicate_by_handle
 .text.alisds_runloop
                0x0000000000002580       0xac ./Board/AliCloud_SDS/alicloud_sds.o
                0x0000000000002580                alisds_runloop
 .text.emh_ev_wlan
                0x000000000000262c       0x54 ./Board/AliCloud_SDS/alicloud_sds.o
                0x000000000000262c                emh_ev_wlan
 .text.emh_ev_alisds_connection
                0x0000000000002680       0x84 ./Board/AliCloud_SDS/alicloud_sds.o
                0x0000000000002680                emh_ev_alisds_connection
 .text.emh_ev_alisds_set_local_atts
                0x0000000000002704      0x2e8 ./Board/AliCloud_SDS/alicloud_sds.o
                0x0000000000002704                emh_ev_alisds_set_local_atts
 .text.alisds_indicate_local_atts
                0x00000000000029ec      0x608 ./Board/AliCloud_SDS/alicloud_sds.o
 .text.alisds_provision
                0x0000000000002ff4       0xd8 ./Board/AliCloud_SDS/alicloud_sds.o
                0x0000000000002ff4                alisds_provision
 .text.alisds_restore
                0x00000000000030cc       0x28 ./Board/AliCloud_SDS/alicloud_sds.o
                0x00000000000030cc                alisds_restore
 .text.OLED_WR_Bytes
                0x00000000000030f4       0x38 ./Board/drv_VGM128064/oled.o
                0x00000000000030f4                OLED_WR_Bytes
 .text.OLED_WR_Byte
                0x000000000000312c       0x24 ./Board/drv_VGM128064/oled.o
                0x000000000000312c                OLED_WR_Byte
 .text.OLED_Set_Pos
                0x0000000000003150       0x4c ./Board/drv_VGM128064/oled.o
                0x0000000000003150                OLED_Set_Pos
 .text.OLED_Clear
                0x000000000000319c       0x6c ./Board/drv_VGM128064/oled.o
                0x000000000000319c                OLED_Clear
 .text.OLED_ShowChar
                0x0000000000003208       0x7c ./Board/drv_VGM128064/oled.o
                0x0000000000003208                OLED_ShowChar
 .text.OLED_ShowString
                0x0000000000003284       0xe4 ./Board/drv_VGM128064/oled.o
                0x0000000000003284                OLED_ShowString
 .text.OLED_Init
                0x0000000000003368      0x10c ./Board/drv_VGM128064/oled.o
                0x0000000000003368                OLED_Init
 .text.ssd1106_delay_ms
                0x0000000000003474       0x18 ./Board/drv_VGM128064/oled.o
 .text.ssd1106_i2c_bus_init
                0x000000000000348c       0x48 ./Board/drv_VGM128064/oled.o
 .text.ssd1106_i2c_bus_write
                0x00000000000034d4       0x48 ./Board/drv_VGM128064/oled.o
 .text.drv_board_init
                0x000000000000351c       0x20 ./Board/drv_board.o
                0x000000000000351c                drv_board_init
 .text.drv_board_test
                0x000000000000353c      0x200 ./Board/drv_board_test.o
                0x000000000000353c                drv_board_test
 .text.button_irq_handler
                0x000000000000373c       0x94 ./Board/drv_button/io_button.o
                0x000000000000373c                button_irq_handler
 .text.button_srv
                0x00000000000037d0       0x8c ./Board/drv_button/io_button.o
                0x00000000000037d0                button_srv
 .text.button_init
                0x000000000000385c       0x54 ./Board/drv_button/io_button.o
                0x000000000000385c                button_init
 .text.color_led_init
                0x00000000000038b0       0x50 ./Board/drv_color_led/color_led.o
                0x00000000000038b0                color_led_init
 .text.color_led_open_rgb
                0x0000000000003900       0xb8 ./Board/drv_color_led/color_led.o
                0x0000000000003900                color_led_open_rgb
 .text.color_led_close
                0x00000000000039b8       0x58 ./Board/drv_color_led/color_led.o
                0x00000000000039b8                color_led_close
 .text.constrain
                0x0000000000003a10       0x54 ./Board/drv_color_led/hsb2rgb.o
 .text.H2R_HSBtoRGB
                0x0000000000003a64      0x42c ./Board/drv_color_led/hsb2rgb.o
 .text.color_led_open_hsb
                0x0000000000003e90      0x12c ./Board/drv_color_led/hsb2rgb.o
                0x0000000000003e90                color_led_open_hsb
 .text.ht20_i2c_bus_write
                0x0000000000003fbc       0x64 ./Board/drv_sht20/sht2x.o
                0x0000000000003fbc                ht20_i2c_bus_write
 .text.ht20_i2c_bus_read
                0x0000000000004020       0x64 ./Board/drv_sht20/sht2x.o
                0x0000000000004020                ht20_i2c_bus_read
 .text.SHT2x_Init
                0x0000000000004084       0x34 ./Board/drv_sht20/sht2x.o
                0x0000000000004084                SHT2x_Init
 .text.SHT2x_SoftReset
                0x00000000000040b8       0x18 ./Board/drv_sht20/sht2x.o
                0x00000000000040b8                SHT2x_SoftReset
 .text.SHT2x_GetTempPoll
                0x00000000000040d0       0x60 ./Board/drv_sht20/sht2x.o
                0x00000000000040d0                SHT2x_GetTempPoll
 .text.SHT2x_GetHumiPoll
                0x0000000000004130       0x5c ./Board/drv_sht20/sht2x.o
                0x0000000000004130                SHT2x_GetHumiPoll
 .text.debug_if
                0x000000000000418c       0x2c ./Board/helper/emhost/ATCmdParser/ATCmdParser.o
 .text.ATCmdParser_vrecv
                0x00000000000041b8      0x3b8 ./Board/helper/emhost/ATCmdParser/ATCmdParser.o
                0x00000000000041b8                ATCmdParser_vrecv
 .text.ATCmdParser_vsend
                0x0000000000004570       0xb8 ./Board/helper/emhost/ATCmdParser/ATCmdParser.o
                0x0000000000004570                ATCmdParser_vsend
 .text.ATCmdParser_recv
                0x0000000000004628       0x2c ./Board/helper/emhost/ATCmdParser/ATCmdParser.o
                0x0000000000004628                ATCmdParser_recv
 .text.ATCmdParser_send
                0x0000000000004654       0x2c ./Board/helper/emhost/ATCmdParser/ATCmdParser.o
                0x0000000000004654                ATCmdParser_send
 .text.ATCmdParser_write
                0x0000000000004680       0x44 ./Board/helper/emhost/ATCmdParser/ATCmdParser.o
                0x0000000000004680                ATCmdParser_write
 .text.ATCmdParser_read
                0x00000000000046c4       0x48 ./Board/helper/emhost/ATCmdParser/ATCmdParser.o
                0x00000000000046c4                ATCmdParser_read
 .text.ATCmdParser_add_oob
                0x000000000000470c       0x44 ./Board/helper/emhost/ATCmdParser/ATCmdParser.o
                0x000000000000470c                ATCmdParser_add_oob
 .text.ATCmdParser_process_oob
                0x0000000000004750      0x100 ./Board/helper/emhost/ATCmdParser/ATCmdParser.o
                0x0000000000004750                ATCmdParser_process_oob
 .text.ATCmdParser_analyse_args
                0x0000000000004850       0xdc ./Board/helper/emhost/ATCmdParser/ATCmdParser.o
                0x0000000000004850                ATCmdParser_analyse_args
 .text.ATCmdParser_init
                0x000000000000492c       0x5c ./Board/helper/emhost/ATCmdParser/ATCmdParser.o
                0x000000000000492c                ATCmdParser_init
 .text.emh_alisds_config
                0x0000000000004988      0x208 ./Board/helper/emhost/emh_alisds.o
                0x0000000000004988                emh_alisds_config
 .text.emh_alisds_start_service
                0x0000000000004b90       0x30 ./Board/helper/emhost/emh_alisds.o
                0x0000000000004b90                emh_alisds_start_service
 .text.emh_alisds_get_status
                0x0000000000004bc0       0x68 ./Board/helper/emhost/emh_alisds.o
                0x0000000000004bc0                emh_alisds_get_status
 .text.emh_alisds_provision
                0x0000000000004c28       0x50 ./Board/helper/emhost/emh_alisds.o
                0x0000000000004c28                emh_alisds_provision
 .text.emh_alisds_unbound
                0x0000000000004c78       0x30 ./Board/helper/emhost/emh_alisds.o
                0x0000000000004c78                emh_alisds_unbound
 .text.emh_alisds_set_cloud_atts
                0x0000000000004ca8       0x60 ./Board/helper/emhost/emh_alisds.o
                0x0000000000004ca8                emh_alisds_set_cloud_atts
 .text.emh_alisds_event_handler
                0x0000000000004d08      0x2a4 ./Board/helper/emhost/emh_alisds.o
                0x0000000000004d08                emh_alisds_event_handler
 .text.emh_arg_for_type
                0x0000000000004fac       0x24 ./Board/helper/emhost/emh_arg.o
                0x0000000000004fac                emh_arg_for_type
 .text.emh_arg_for_arg
                0x0000000000004fd0       0x68 ./Board/helper/emhost/emh_arg.o
                0x0000000000004fd0                emh_arg_for_arg
 .text.emh_module_reset
                0x0000000000005038       0x94 ./Board/helper/emhost/emh_module.o
                0x0000000000005038                emh_module_reset
 .text.emh_module_restore_settings
                0x00000000000050cc       0x94 ./Board/helper/emhost/emh_module.o
                0x00000000000050cc                emh_module_restore_settings
 .text.emh_init
                0x0000000000005160       0x68 ./Board/helper/emhost/emh_module.o
                0x0000000000005160                emh_init
 .text.emh_module_get_fw_version
                0x00000000000051c8       0x40 ./Board/helper/emhost/emh_module.o
                0x00000000000051c8                emh_module_get_fw_version
 .text.emh_runloop
                0x0000000000005208       0x14 ./Board/helper/emhost/emh_module.o
                0x0000000000005208                emh_runloop
 .text.emh_wlan_get_para
                0x000000000000521c       0xa4 ./Board/helper/emhost/emh_wlan.o
                0x000000000000521c                emh_wlan_get_para
 .text.emh_wlan_event_handler
                0x00000000000052c0       0x98 ./Board/helper/emhost/emh_wlan.o
                0x00000000000052c0                emh_wlan_event_handler
 .text.atomic_enter_critical
                0x0000000000005358       0x24 ./Board/helper/hal/mx_hal_atomic.o
                0x0000000000005358                atomic_enter_critical
 .text.atomic_leave_critical
                0x000000000000537c       0x24 ./Board/helper/hal/mx_hal_atomic.o
                0x000000000000537c                atomic_leave_critical
 .text.mx_hal_i2c_init
                0x00000000000053a0       0x54 ./Board/helper/hal/mx_i2c.o
                0x00000000000053a0                mx_hal_i2c_init
 .text.mx_hal_i2c_cmd_write
                0x00000000000053f4      0x14c ./Board/helper/hal/mx_i2c.o
                0x00000000000053f4                mx_hal_i2c_cmd_write
 .text.mx_hal_i2c_cmd_read
                0x0000000000005540      0x128 ./Board/helper/hal/mx_i2c.o
                0x0000000000005540                mx_hal_i2c_cmd_read
 .text.mx_hal_serial_init
                0x0000000000005668       0x74 ./Board/helper/hal/mx_serial.o
                0x0000000000005668                mx_hal_serial_init
 .text.mx_hal_serial_putc
                0x00000000000056dc       0x60 ./Board/helper/hal/mx_serial.o
                0x00000000000056dc                mx_hal_serial_putc
 .text.mx_hal_serial_getc
                0x000000000000573c       0x44 ./Board/helper/hal/mx_serial.o
                0x000000000000573c                mx_hal_serial_getc
 .text.mx_hal_serial_readable
                0x0000000000005780       0x20 ./Board/helper/hal/mx_serial.o
                0x0000000000005780                mx_hal_serial_readable
 .text.ATCMD_RX_ISR
                0x00000000000057a0       0x58 ./Board/helper/hal/mx_serial.o
                0x00000000000057a0                ATCMD_RX_ISR
 .text.at_async_read
                0x00000000000057f8       0x70 ./Board/helper/hal/mx_serial.o
 .text.mx_hal_stdio_init
                0x0000000000005868       0x34 ./Board/helper/hal/mx_stdio.o
                0x0000000000005868                mx_hal_stdio_init
 .text._SysTick_Handler
                0x000000000000589c       0x1c ./Board/helper/hal/mx_tick.o
                0x000000000000589c                _SysTick_Handler
 .text.mx_hal_ms_ticker_read
                0x00000000000058b8       0x18 ./Board/helper/hal/mx_tick.o
                0x00000000000058b8                mx_hal_ms_ticker_read
 .text.mx_hal_delay_ms
                0x00000000000058d0       0x2c ./Board/helper/hal/mx_tick.o
                0x00000000000058d0                mx_hal_delay_ms
 .text.jsmn_alloc_token
                0x00000000000058fc       0x64 ./Board/helper/jsmn/jsmn.o
 .text.jsmn_fill_token
                0x0000000000005960       0x38 ./Board/helper/jsmn/jsmn.o
 .text.jsmn_parse_primitive
                0x0000000000005998      0x118 ./Board/helper/jsmn/jsmn.o
 .text.jsmn_parse_string
                0x0000000000005ab0      0x320 ./Board/helper/jsmn/jsmn.o
 .text.jsmn_parse
                0x0000000000005dd0      0x444 ./Board/helper/jsmn/jsmn.o
                0x0000000000005dd0                jsmn_parse
 .text.jsmn_init
                0x0000000000006214       0x28 ./Board/helper/jsmn/jsmn.o
                0x0000000000006214                jsmn_init
 .text.json_printbuf_new
                0x000000000000623c       0x58 ./Board/helper/jsmn/json_escape_str.o
                0x000000000000623c                json_printbuf_new
 .text.json_printbuf_free
                0x0000000000006294       0x24 ./Board/helper/jsmn/json_escape_str.o
                0x0000000000006294                json_printbuf_free
 .text.json_printbuf_memappend
                0x00000000000062b8       0x98 ./Board/helper/jsmn/json_escape_str.o
 .text.json_escape_str
                0x0000000000006350      0x1b0 ./Board/helper/jsmn/json_escape_str.o
                0x0000000000006350                json_escape_str
 .text.skip     0x0000000000006500       0x2c ./Board/helper/jsmn/json_generator.o
 .text.rev_skip
                0x000000000000652c       0x2c ./Board/helper/jsmn/json_generator.o
 .text.print_float
                0x0000000000006558       0xbc ./Board/helper/jsmn/json_generator.o
 .text.verify_json_start
                0x0000000000006614       0x44 ./Board/helper/jsmn/json_generator.o
                0x0000000000006614                verify_json_start
 .text.verify_buffer_limit
                0x0000000000006658       0x40 ./Board/helper/jsmn/json_generator.o
 .text.json_str_init
                0x0000000000006698       0x34 ./Board/helper/jsmn/json_generator.o
                0x0000000000006698                json_str_init
 .text.json_push_object
                0x00000000000066cc       0x90 ./Board/helper/jsmn/json_generator.o
                0x00000000000066cc                json_push_object
 .text.json_push_array_object
                0x000000000000675c       0x90 ./Board/helper/jsmn/json_generator.o
                0x000000000000675c                json_push_array_object
 .text.json_start_object
                0x00000000000067ec       0x74 ./Board/helper/jsmn/json_generator.o
                0x00000000000067ec                json_start_object
 .text.json_close_object
                0x0000000000006860       0x3c ./Board/helper/jsmn/json_generator.o
                0x0000000000006860                json_close_object
 .text.json_pop_array_object
                0x000000000000689c       0x3c ./Board/helper/jsmn/json_generator.o
                0x000000000000689c                json_pop_array_object
 .text.json_set_array_value
                0x00000000000068d8      0x170 ./Board/helper/jsmn/json_generator.o
                0x00000000000068d8                json_set_array_value
 .text.json_set_object_value
                0x0000000000006a48      0x280 ./Board/helper/jsmn/json_generator.o
                0x0000000000006a48                json_set_object_value
 .text.json_token_streq
                0x0000000000006cc8       0x64 ./Board/helper/jsmn/json_wrappers.o
 .text.skip_to_last
                0x0000000000006d2c       0x4c ./Board/helper/jsmn/json_wrappers.o
 .text.json_str_to_str
                0x0000000000006d78       0x84 ./Board/helper/jsmn/json_wrappers.o
 .text.json_get_value
                0x0000000000006dfc       0xe8 ./Board/helper/jsmn/json_wrappers.o
 .text.json_get_val_str
                0x0000000000006ee4       0x40 ./Board/helper/jsmn/json_wrappers.o
                0x0000000000006ee4                json_get_val_str
 .text.json_get_composite_object
                0x0000000000006f24       0x5c ./Board/helper/jsmn/json_wrappers.o
                0x0000000000006f24                json_get_composite_object
 .text.json_release_composite_object
                0x0000000000006f80       0x3c ./Board/helper/jsmn/json_wrappers.o
                0x0000000000006f80                json_release_composite_object
 .text.json_get_array_object
                0x0000000000006fbc       0x5c ./Board/helper/jsmn/json_wrappers.o
                0x0000000000006fbc                json_get_array_object
 .text.json_release_array_object
                0x0000000000007018       0x18 ./Board/helper/jsmn/json_wrappers.o
                0x0000000000007018                json_release_array_object
 .text.json_get_array_index
                0x0000000000007030       0x98 ./Board/helper/jsmn/json_wrappers.o
 .text.json_array_get_str
                0x00000000000070c8       0x44 ./Board/helper/jsmn/json_wrappers.o
                0x00000000000070c8                json_array_get_str
 .text.json_obj_init
                0x000000000000710c       0x34 ./Board/helper/jsmn/json_wrappers.o
 .text.json_init
                0x0000000000007140       0xb8 ./Board/helper/jsmn/json_wrappers.o
                0x0000000000007140                json_init
 .text.ringbuffer_init
                0x00000000000071f8       0x94 ./Board/helper/mx_utils/mx_ringbuffer.o
                0x00000000000071f8                ringbuffer_init
 .text.ringbuffer_get
                0x000000000000728c       0x84 ./Board/helper/mx_utils/mx_ringbuffer.o
                0x000000000000728c                ringbuffer_get
 .text.ringbuffer_put
                0x0000000000007310       0x88 ./Board/helper/mx_utils/mx_ringbuffer.o
                0x0000000000007310                ringbuffer_put
 .text.ringbuffer_num
                0x0000000000007398       0x20 ./Board/helper/mx_utils/mx_ringbuffer.o
                0x0000000000007398                ringbuffer_num
 .text.soc_err_proc
                0x00000000000073b8       0x24 ./aos/soc_impl.o
                0x00000000000073b8                soc_err_proc
 .text.k_err_proc
                0x00000000000073dc       0x28 ./core/k_err.o
                0x00000000000073dc                k_err_proc
 .text.cpu_cur_get
                0x0000000000007404       0x10 ./core/k_idle.o
 .text.idle_task
                0x0000000000007414       0x3c ./core/k_idle.o
                0x0000000000007414                idle_task
 .text.is_klist_empty
                0x0000000000007450       0x24 ./core/k_mutex.o
 .text.mutex_release
                0x0000000000007474       0x34 ./core/k_mutex.o
 .text.mutex_pri_look
                0x00000000000074a8       0x78 ./core/k_mutex.o
                0x00000000000074a8                mutex_pri_look
 .text.mutex_task_pri_reset
                0x0000000000007520       0x3c ./core/k_mutex.o
                0x0000000000007520                mutex_task_pri_reset
 .text.klist_insert
                0x000000000000755c       0x30 ./core/k_pend.o
 .text.klist_rm
                0x000000000000758c       0x28 ./core/k_pend.o
 .text.pend_list_add
                0x00000000000075b4       0x50 ./core/k_pend.o
 .text.pend_task_wakeup
                0x0000000000007604       0x70 ./core/k_pend.o
                0x0000000000007604                pend_task_wakeup
 .text.pend_list_reorder
                0x0000000000007674       0x30 ./core/k_pend.o
                0x0000000000007674                pend_list_reorder
 .text.krhino_bitmap_set
                0x00000000000076a4       0x3c ./core/k_sched.o
 .text.krhino_bitmap_clear
                0x00000000000076e0       0x40 ./core/k_sched.o
 .text.krhino_find_first_bit
                0x0000000000007720       0xa0 ./core/k_sched.o
 .text.klist_init
                0x00000000000077c0       0x20 ./core/k_sched.o
 .text.klist_insert
                0x00000000000077e0       0x30 ./core/k_sched.o
 .text.klist_rm
                0x0000000000007810       0x28 ./core/k_sched.o
 .text.cpu_cur_get
                0x0000000000007838       0x10 ./core/k_sched.o
 .text.core_sched
                0x0000000000007848       0x84 ./core/k_sched.o
                0x0000000000007848                core_sched
 .text.runqueue_init
                0x00000000000078cc       0x38 ./core/k_sched.o
                0x00000000000078cc                runqueue_init
 .text.ready_list_init
                0x0000000000007904       0x68 ./core/k_sched.o
 .text.is_ready_list_empty
                0x000000000000796c       0x2c ./core/k_sched.o
 .text._ready_list_add_tail
                0x0000000000007998       0x48 ./core/k_sched.o
 .text._ready_list_add_head
                0x00000000000079e0       0x5c ./core/k_sched.o
 .text.ready_list_add_head
                0x0000000000007a3c       0x18 ./core/k_sched.o
                0x0000000000007a3c                ready_list_add_head
 .text.ready_list_add_tail
                0x0000000000007a54       0x18 ./core/k_sched.o
                0x0000000000007a54                ready_list_add_tail
 .text.ready_list_add
                0x0000000000007a6c       0x44 ./core/k_sched.o
                0x0000000000007a6c                ready_list_add
 .text.ready_list_rm
                0x0000000000007ab0       0xa8 ./core/k_sched.o
                0x0000000000007ab0                ready_list_rm
 .text.preferred_cpu_ready_task_get
                0x0000000000007b58       0x38 ./core/k_sched.o
                0x0000000000007b58                preferred_cpu_ready_task_get
 .text.klist_init
                0x0000000000007b90       0x20 ./core/k_stats.o
 .text.cpu_cur_get
                0x0000000000007bb0       0x10 ./core/k_stats.o
 .text.kobj_list_init
                0x0000000000007bc0       0x38 ./core/k_stats.o
                0x0000000000007bc0                kobj_list_init
 .text.krhino_stack_ovf_check
                0x0000000000007bf8       0x58 ./core/k_stats.o
                0x0000000000007bf8                krhino_stack_ovf_check
 .text.cpu_cur_get
                0x0000000000007c50       0x10 ./core/k_sys.o
 .text.rhino_stack_check_init
                0x0000000000007c60        0xc ./core/k_sys.o
 .text.krhino_init
                0x0000000000007c6c       0x68 ./core/k_sys.o
                0x0000000000007c6c                krhino_init
 .text.krhino_start
                0x0000000000007cd4       0x40 ./core/k_sys.o
                0x0000000000007cd4                krhino_start
 .text.krhino_intrpt_enter
                0x0000000000007d14       0x34 ./core/k_sys.o
                0x0000000000007d14                krhino_intrpt_enter
 .text.krhino_intrpt_exit
                0x0000000000007d48       0x90 ./core/k_sys.o
                0x0000000000007d48                krhino_intrpt_exit
 .text.is_klist_empty
                0x0000000000007dd8       0x24 ./core/k_task.o
 .text.klist_insert
                0x0000000000007dfc       0x30 ./core/k_task.o
 .text.klist_rm
                0x0000000000007e2c       0x28 ./core/k_task.o
 .text.cpu_cur_get
                0x0000000000007e54       0x10 ./core/k_task.o
 .text.task_create
                0x0000000000007e64      0x190 ./core/k_task.o
 .text.krhino_task_create
                0x0000000000007ff4       0x4c ./core/k_task.o
                0x0000000000007ff4                krhino_task_create
 .text.krhino_cur_task_get
                0x0000000000008040       0x30 ./core/k_task.o
                0x0000000000008040                krhino_cur_task_get
 .text.task_pri_change
                0x0000000000008070      0x13c ./core/k_task.o
                0x0000000000008070                task_pri_change
 .text.task_mutex_free
                0x00000000000081ac       0x60 ./core/k_task.o
 .text.krhino_task_del
                0x000000000000820c      0x14c ./core/k_task.o
                0x000000000000820c                krhino_task_del
 .text.krhino_task_deathbed
                0x0000000000008358       0x24 ./core/k_task.o
                0x0000000000008358                krhino_task_deathbed
 .text.klist_init
                0x000000000000837c       0x20 ./core/k_tick.o
 .text.klist_rm
                0x000000000000839c       0x28 ./core/k_tick.o
 .text.tick_list_init
                0x00000000000083c4       0x10 ./core/k_tick.o
                0x00000000000083c4                tick_list_init
 .text.tick_list_rm
                0x00000000000083d4       0x2c ./core/k_tick.o
                0x00000000000083d4                tick_list_rm
 .text.tick_list_update
                0x0000000000008400      0x15c ./core/k_tick.o
                0x0000000000008400                tick_list_update
 .text.krhino_tick_proc
                0x000000000000855c       0x14 ./core/k_time.o
                0x000000000000855c                krhino_tick_proc
 .text.cpu_task_stack_init
                0x0000000000008570      0x1e0 ./m4/port_c.o
                0x0000000000008570                cpu_task_stack_init
 .text.pow      0x0000000000008750      0x340 /Applications/ti/ccsv6/tools/compiler/gcc-arm-none-eabi-4_9-2015q3/bin/../lib/gcc/arm-none-eabi/4.9.3/../../../../arm-none-eabi/lib/armv7e-m/fpu/libm.a(lib_a-w_pow.o)
                0x0000000000008750                pow
 .text.__ieee754_pow
                0x0000000000008a90      0xae0 /Applications/ti/ccsv6/tools/compiler/gcc-arm-none-eabi-4_9-2015q3/bin/../lib/gcc/arm-none-eabi/4.9.3/../../../../arm-none-eabi/lib/armv7e-m/fpu/libm.a(lib_a-e_pow.o)
                0x0000000000008a90                __ieee754_pow
 .text.__ieee754_sqrt
                0x0000000000009570      0x1a8 /Applications/ti/ccsv6/tools/compiler/gcc-arm-none-eabi-4_9-2015q3/bin/../lib/gcc/arm-none-eabi/4.9.3/../../../../arm-none-eabi/lib/armv7e-m/fpu/libm.a(lib_a-e_sqrt.o)
                0x0000000000009570                __ieee754_sqrt
 .text.fabs     0x0000000000009718       0x10 /Applications/ti/ccsv6/tools/compiler/gcc-arm-none-eabi-4_9-2015q3/bin/../lib/gcc/arm-none-eabi/4.9.3/../../../../arm-none-eabi/lib/armv7e-m/fpu/libm.a(lib_a-s_fabs.o)
                0x0000000000009718                fabs
 .text.finite   0x0000000000009728       0x10 /Applications/ti/ccsv6/tools/compiler/gcc-arm-none-eabi-4_9-2015q3/bin/../lib/gcc/arm-none-eabi/4.9.3/../../../../arm-none-eabi/lib/armv7e-m/fpu/libm.a(lib_a-s_finite.o)
                0x0000000000009728                finite
 .text.__fpclassifyd
                0x0000000000009738       0x5c /Applications/ti/ccsv6/tools/compiler/gcc-arm-none-eabi-4_9-2015q3/bin/../lib/gcc/arm-none-eabi/4.9.3/../../../../arm-none-eabi/lib/armv7e-m/fpu/libm.a(lib_a-s_fpclassify.o)
                0x0000000000009738                __fpclassifyd
 .text.matherr  0x0000000000009794        0x4 /Applications/ti/ccsv6/tools/compiler/gcc-arm-none-eabi-4_9-2015q3/bin/../lib/gcc/arm-none-eabi/4.9.3/../../../../arm-none-eabi/lib/armv7e-m/fpu/libm.a(lib_a-s_matherr.o)
                0x0000000000009794                matherr
 .text.nan      0x0000000000009798       0x10 /Applications/ti/ccsv6/tools/compiler/gcc-arm-none-eabi-4_9-2015q3/bin/../lib/gcc/arm-none-eabi/4.9.3/../../../../arm-none-eabi/lib/armv7e-m/fpu/libm.a(lib_a-s_nan.o)
                0x0000000000009798                nan
 .text.rint     0x00000000000097a8      0x124 /Applications/ti/ccsv6/tools/compiler/gcc-arm-none-eabi-4_9-2015q3/bin/../lib/gcc/arm-none-eabi/4.9.3/../../../../arm-none-eabi/lib/armv7e-m/fpu/libm.a(lib_a-s_rint.o)
                0x00000000000097a8                rint
 *fill*         0x00000000000098cc        0x4 
 .text.scalbn   0x00000000000098d0      0x104 /Applications/ti/ccsv6/tools/compiler/gcc-arm-none-eabi-4_9-2015q3/bin/../lib/gcc/arm-none-eabi/4.9.3/../../../../arm-none-eabi/lib/armv7e-m/fpu/libm.a(lib_a-s_scalbn.o)
                0x00000000000098d0                scalbn
 .text.copysign
                0x00000000000099d4       0x1c /Applications/ti/ccsv6/tools/compiler/gcc-arm-none-eabi-4_9-2015q3/bin/../lib/gcc/arm-none-eabi/4.9.3/../../../../arm-none-eabi/lib/armv7e-m/fpu/libm.a(lib_a-s_copysign.o)
                0x00000000000099d4                copysign
 .text.__assert_func
                0x00000000000099f0       0x3c /Applications/ti/ccsv6/tools/compiler/gcc-arm-none-eabi-4_9-2015q3/bin/../lib/gcc/arm-none-eabi/4.9.3/../../../../arm-none-eabi/lib/armv7e-m/fpu/libc.a(lib_a-assert.o)
                0x00000000000099f0                __assert_func
 .text.calloc   0x0000000000009a2c       0x10 /Applications/ti/ccsv6/tools/compiler/gcc-arm-none-eabi-4_9-2015q3/bin/../lib/gcc/arm-none-eabi/4.9.3/../../../../arm-none-eabi/lib/armv7e-m/fpu/libc.a(lib_a-calloc.o)
                0x0000000000009a2c                calloc
 .text._calloc_r
                0x0000000000009a3c       0x60 /Applications/ti/ccsv6/tools/compiler/gcc-arm-none-eabi-4_9-2015q3/bin/../lib/gcc/arm-none-eabi/4.9.3/../../../../arm-none-eabi/lib/armv7e-m/fpu/libc.a(lib_a-callocr.o)
                0x0000000000009a3c                _calloc_r
 .text.__errno  0x0000000000009a9c        0xc /Applications/ti/ccsv6/tools/compiler/gcc-arm-none-eabi-4_9-2015q3/bin/../lib/gcc/arm-none-eabi/4.9.3/../../../../arm-none-eabi/lib/armv7e-m/fpu/libc.a(lib_a-errno.o)
                0x0000000000009a9c                __errno
 .text.exit     0x0000000000009aa8       0x20 /Applications/ti/ccsv6/tools/compiler/gcc-arm-none-eabi-4_9-2015q3/bin/../lib/gcc/arm-none-eabi/4.9.3/../../../../arm-none-eabi/lib/armv7e-m/fpu/libc.a(lib_a-exit.o)
                0x0000000000009aa8                exit
 .text.fiprintf
                0x0000000000009ac8       0x28 /Applications/ti/ccsv6/tools/compiler/gcc-arm-none-eabi-4_9-2015q3/bin/../lib/gcc/arm-none-eabi/4.9.3/../../../../arm-none-eabi/lib/armv7e-m/fpu/libc.a(lib_a-fiprintf.o)
                0x0000000000009ac8                fiprintf
 .text.__libc_init_array
                0x0000000000009af0       0x50 /Applications/ti/ccsv6/tools/compiler/gcc-arm-none-eabi-4_9-2015q3/bin/../lib/gcc/arm-none-eabi/4.9.3/../../../../arm-none-eabi/lib/armv7e-m/fpu/libc.a(lib_a-init.o)
                0x0000000000009af0                __libc_init_array
 .text.malloc   0x0000000000009b40       0x10 /Applications/ti/ccsv6/tools/compiler/gcc-arm-none-eabi-4_9-2015q3/bin/../lib/gcc/arm-none-eabi/4.9.3/../../../../arm-none-eabi/lib/armv7e-m/fpu/libc.a(lib_a-malloc.o)
                0x0000000000009b40                malloc
 .text.free     0x0000000000009b50       0x10 /Applications/ti/ccsv6/tools/compiler/gcc-arm-none-eabi-4_9-2015q3/bin/../lib/gcc/arm-none-eabi/4.9.3/../../../../arm-none-eabi/lib/armv7e-m/fpu/libc.a(lib_a-malloc.o)
                0x0000000000009b50                free
 .text._malloc_r
                0x0000000000009b60      0x524 /Applications/ti/ccsv6/tools/compiler/gcc-arm-none-eabi-4_9-2015q3/bin/../lib/gcc/arm-none-eabi/4.9.3/../../../../arm-none-eabi/lib/armv7e-m/fpu/libc.a(lib_a-mallocr.o)
                0x0000000000009b60                _malloc_r
 .text.memcmp   0x000000000000a084       0x64 /Applications/ti/ccsv6/tools/compiler/gcc-arm-none-eabi-4_9-2015q3/bin/../lib/gcc/arm-none-eabi/4.9.3/../../../../arm-none-eabi/lib/armv7e-m/fpu/libc.a(lib_a-memcmp.o)
                0x000000000000a084                memcmp
 .text.memset   0x000000000000a0e8       0x9c /Applications/ti/ccsv6/tools/compiler/gcc-arm-none-eabi-4_9-2015q3/bin/../lib/gcc/arm-none-eabi/4.9.3/../../../../arm-none-eabi/lib/armv7e-m/fpu/libc.a(lib_a-memset.o)
                0x000000000000a0e8                memset
 .text.__malloc_lock
                0x000000000000a184        0x4 /Applications/ti/ccsv6/tools/compiler/gcc-arm-none-eabi-4_9-2015q3/bin/../lib/gcc/arm-none-eabi/4.9.3/../../../../arm-none-eabi/lib/armv7e-m/fpu/libc.a(lib_a-mlock.o)
                0x000000000000a184                __malloc_lock
 .text.__malloc_unlock
                0x000000000000a188        0x4 /Applications/ti/ccsv6/tools/compiler/gcc-arm-none-eabi-4_9-2015q3/bin/../lib/gcc/arm-none-eabi/4.9.3/../../../../arm-none-eabi/lib/armv7e-m/fpu/libc.a(lib_a-mlock.o)
                0x000000000000a188                __malloc_unlock
 .text.printf   0x000000000000a18c       0x28 /Applications/ti/ccsv6/tools/compiler/gcc-arm-none-eabi-4_9-2015q3/bin/../lib/gcc/arm-none-eabi/4.9.3/../../../../arm-none-eabi/lib/armv7e-m/fpu/libc.a(lib_a-printf.o)
                0x000000000000a18c                printf
 .text._puts_r  0x000000000000a1b4       0x64 /Applications/ti/ccsv6/tools/compiler/gcc-arm-none-eabi-4_9-2015q3/bin/../lib/gcc/arm-none-eabi/4.9.3/../../../../arm-none-eabi/lib/armv7e-m/fpu/libc.a(lib_a-puts.o)
                0x000000000000a1b4                _puts_r
 .text.puts     0x000000000000a218       0x10 /Applications/ti/ccsv6/tools/compiler/gcc-arm-none-eabi-4_9-2015q3/bin/../lib/gcc/arm-none-eabi/4.9.3/../../../../arm-none-eabi/lib/armv7e-m/fpu/libc.a(lib_a-puts.o)
                0x000000000000a218                puts
 .text.realloc  0x000000000000a228       0x10 /Applications/ti/ccsv6/tools/compiler/gcc-arm-none-eabi-4_9-2015q3/bin/../lib/gcc/arm-none-eabi/4.9.3/../../../../arm-none-eabi/lib/armv7e-m/fpu/libc.a(lib_a-realloc.o)
                0x000000000000a228                realloc
 .text._realloc_r
                0x000000000000a238      0x3ec /Applications/ti/ccsv6/tools/compiler/gcc-arm-none-eabi-4_9-2015q3/bin/../lib/gcc/arm-none-eabi/4.9.3/../../../../arm-none-eabi/lib/armv7e-m/fpu/libc.a(lib_a-reallocr.o)
                0x000000000000a238                _realloc_r
 .text._sbrk_r  0x000000000000a624       0x24 /Applications/ti/ccsv6/tools/compiler/gcc-arm-none-eabi-4_9-2015q3/bin/../lib/gcc/arm-none-eabi/4.9.3/../../../../arm-none-eabi/lib/armv7e-m/fpu/libc.a(lib_a-sbrkr.o)
                0x000000000000a624                _sbrk_r
 .text.snprintf
                0x000000000000a648       0x9c /Applications/ti/ccsv6/tools/compiler/gcc-arm-none-eabi-4_9-2015q3/bin/../lib/gcc/arm-none-eabi/4.9.3/../../../../arm-none-eabi/lib/armv7e-m/fpu/libc.a(lib_a-snprintf.o)
                0x000000000000a648                snprintf
 .text.sprintf  0x000000000000a6e4       0x4c /Applications/ti/ccsv6/tools/compiler/gcc-arm-none-eabi-4_9-2015q3/bin/../lib/gcc/arm-none-eabi/4.9.3/../../../../arm-none-eabi/lib/armv7e-m/fpu/libc.a(lib_a-sprintf.o)
                0x000000000000a6e4                sprintf
 .text.sscanf   0x000000000000a730       0x58 /Applications/ti/ccsv6/tools/compiler/gcc-arm-none-eabi-4_9-2015q3/bin/../lib/gcc/arm-none-eabi/4.9.3/../../../../arm-none-eabi/lib/armv7e-m/fpu/libc.a(lib_a-sscanf.o)
                0x000000000000a730                sscanf
 .text.__sread  0x000000000000a788       0x24 /Applications/ti/ccsv6/tools/compiler/gcc-arm-none-eabi-4_9-2015q3/bin/../lib/gcc/arm-none-eabi/4.9.3/../../../../arm-none-eabi/lib/armv7e-m/fpu/libc.a(lib_a-stdio.o)
                0x000000000000a788                __sread
 .text.__seofread
                0x000000000000a7ac        0x4 /Applications/ti/ccsv6/tools/compiler/gcc-arm-none-eabi-4_9-2015q3/bin/../lib/gcc/arm-none-eabi/4.9.3/../../../../arm-none-eabi/lib/armv7e-m/fpu/libc.a(lib_a-stdio.o)
                0x000000000000a7ac                __seofread
 .text.__swrite
                0x000000000000a7b0       0x38 /Applications/ti/ccsv6/tools/compiler/gcc-arm-none-eabi-4_9-2015q3/bin/../lib/gcc/arm-none-eabi/4.9.3/../../../../arm-none-eabi/lib/armv7e-m/fpu/libc.a(lib_a-stdio.o)
                0x000000000000a7b0                __swrite
 .text.__sseek  0x000000000000a7e8       0x20 /Applications/ti/ccsv6/tools/compiler/gcc-arm-none-eabi-4_9-2015q3/bin/../lib/gcc/arm-none-eabi/4.9.3/../../../../arm-none-eabi/lib/armv7e-m/fpu/libc.a(lib_a-stdio.o)
                0x000000000000a7e8                __sseek
 .text.__sclose
                0x000000000000a808        0x8 /Applications/ti/ccsv6/tools/compiler/gcc-arm-none-eabi-4_9-2015q3/bin/../lib/gcc/arm-none-eabi/4.9.3/../../../../arm-none-eabi/lib/armv7e-m/fpu/libc.a(lib_a-stdio.o)
                0x000000000000a808                __sclose
 .text.strcpy   0x000000000000a810       0xbc /Applications/ti/ccsv6/tools/compiler/gcc-arm-none-eabi-4_9-2015q3/bin/../lib/gcc/arm-none-eabi/4.9.3/../../../../arm-none-eabi/lib/armv7e-m/fpu/libc.a(lib_a-strcpy.o)
                0x000000000000a810                strcpy
 .text.strlen   0x000000000000a8cc       0x5c /Applications/ti/ccsv6/tools/compiler/gcc-arm-none-eabi-4_9-2015q3/bin/../lib/gcc/arm-none-eabi/4.9.3/../../../../arm-none-eabi/lib/armv7e-m/fpu/libc.a(lib_a-strlen.o)
                0x000000000000a8cc                strlen
 .text.strncmp  0x000000000000a928       0x98 /Applications/ti/ccsv6/tools/compiler/gcc-arm-none-eabi-4_9-2015q3/bin/../lib/gcc/arm-none-eabi/4.9.3/../../../../arm-none-eabi/lib/armv7e-m/fpu/libc.a(lib_a-strncmp.o)
                0x000000000000a928                strncmp
 .text.strncpy  0x000000000000a9c0       0x68 /Applications/ti/ccsv6/tools/compiler/gcc-arm-none-eabi-4_9-2015q3/bin/../lib/gcc/arm-none-eabi/4.9.3/../../../../arm-none-eabi/lib/armv7e-m/fpu/libc.a(lib_a-strncpy.o)
                0x000000000000a9c0                strncpy
 .text._strtoul_r
                0x000000000000aa28      0x128 /Applications/ti/ccsv6/tools/compiler/gcc-arm-none-eabi-4_9-2015q3/bin/../lib/gcc/arm-none-eabi/4.9.3/../../../../arm-none-eabi/lib/armv7e-m/fpu/libc.a(lib_a-strtoul.o)
                0x000000000000aa28                _strtoul_r
 .text._strtoull_r
                0x000000000000ab50      0x1d8 /Applications/ti/ccsv6/tools/compiler/gcc-arm-none-eabi-4_9-2015q3/bin/../lib/gcc/arm-none-eabi/4.9.3/../../../../arm-none-eabi/lib/armv7e-m/fpu/libc.a(lib_a-strtoull_r.o)
                0x000000000000ab50                _strtoull_r
 .text._svfprintf_r
                0x000000000000ad28     0x14cc /Applications/ti/ccsv6/tools/compiler/gcc-arm-none-eabi-4_9-2015q3/bin/../lib/gcc/arm-none-eabi/4.9.3/../../../../arm-none-eabi/lib/armv7e-m/fpu/libc.a(lib_a-svfprintf.o)
                0x000000000000ad28                _svfprintf_r
 .text.__ssvfscanf_r
                0x000000000000c1f4      0xe5c /Applications/ti/ccsv6/tools/compiler/gcc-arm-none-eabi-4_9-2015q3/bin/../lib/gcc/arm-none-eabi/4.9.3/../../../../arm-none-eabi/lib/armv7e-m/fpu/libc.a(lib_a-svfscanf.o)
                0x000000000000c1f4                __ssvfscanf_r
 .text.__sprint_r.part.0
                0x000000000000d050       0x78 /Applications/ti/ccsv6/tools/compiler/gcc-arm-none-eabi-4_9-2015q3/bin/../lib/gcc/arm-none-eabi/4.9.3/../../../../arm-none-eabi/lib/armv7e-m/fpu/libc.a(lib_a-vfiprintf.o)
 .text.__sprint_r
                0x000000000000d0c8       0x18 /Applications/ti/ccsv6/tools/compiler/gcc-arm-none-eabi-4_9-2015q3/bin/../lib/gcc/arm-none-eabi/4.9.3/../../../../arm-none-eabi/lib/armv7e-m/fpu/libc.a(lib_a-vfiprintf.o)
                0x000000000000d0c8                __sprint_r
 .text._vfiprintf_r
                0x000000000000d0e0      0xc10 /Applications/ti/ccsv6/tools/compiler/gcc-arm-none-eabi-4_9-2015q3/bin/../lib/gcc/arm-none-eabi/4.9.3/../../../../arm-none-eabi/lib/armv7e-m/fpu/libc.a(lib_a-vfiprintf.o)
                0x000000000000d0e0                _vfiprintf_r
 .text.__sbprintf
                0x000000000000dcf0       0x78 /Applications/ti/ccsv6/tools/compiler/gcc-arm-none-eabi-4_9-2015q3/bin/../lib/gcc/arm-none-eabi/4.9.3/../../../../arm-none-eabi/lib/armv7e-m/fpu/libc.a(lib_a-vfiprintf.o)
 .text._vfprintf_r
                0x000000000000dd68     0x1424 /Applications/ti/ccsv6/tools/compiler/gcc-arm-none-eabi-4_9-2015q3/bin/../lib/gcc/arm-none-eabi/4.9.3/../../../../arm-none-eabi/lib/armv7e-m/fpu/libc.a(lib_a-vfprintf.o)
                0x000000000000dd68                _vfprintf_r
 .text.__sbprintf
                0x000000000000f18c       0x78 /Applications/ti/ccsv6/tools/compiler/gcc-arm-none-eabi-4_9-2015q3/bin/../lib/gcc/arm-none-eabi/4.9.3/../../../../arm-none-eabi/lib/armv7e-m/fpu/libc.a(lib_a-vfprintf.o)
 .text.vprintf  0x000000000000f204       0x1c /Applications/ti/ccsv6/tools/compiler/gcc-arm-none-eabi-4_9-2015q3/bin/../lib/gcc/arm-none-eabi/4.9.3/../../../../arm-none-eabi/lib/armv7e-m/fpu/libc.a(lib_a-vprintf.o)
                0x000000000000f204                vprintf
 .text._vsprintf_r
                0x000000000000f220       0x34 /Applications/ti/ccsv6/tools/compiler/gcc-arm-none-eabi-4_9-2015q3/bin/../lib/gcc/arm-none-eabi/4.9.3/../../../../arm-none-eabi/lib/armv7e-m/fpu/libc.a(lib_a-vsprintf.o)
                0x000000000000f220                _vsprintf_r
 .text.vsprintf
                0x000000000000f254       0x18 /Applications/ti/ccsv6/tools/compiler/gcc-arm-none-eabi-4_9-2015q3/bin/../lib/gcc/arm-none-eabi/4.9.3/../../../../arm-none-eabi/lib/armv7e-m/fpu/libc.a(lib_a-vsprintf.o)
                0x000000000000f254                vsprintf
 .text._vsscanf_r
                0x000000000000f26c       0x48 /Applications/ti/ccsv6/tools/compiler/gcc-arm-none-eabi-4_9-2015q3/bin/../lib/gcc/arm-none-eabi/4.9.3/../../../../arm-none-eabi/lib/armv7e-m/fpu/libc.a(lib_a-vsscanf.o)
                0x000000000000f26c                _vsscanf_r
 .text.vsscanf  0x000000000000f2b4       0x18 /Applications/ti/ccsv6/tools/compiler/gcc-arm-none-eabi-4_9-2015q3/bin/../lib/gcc/arm-none-eabi/4.9.3/../../../../arm-none-eabi/lib/armv7e-m/fpu/libc.a(lib_a-vsscanf.o)
                0x000000000000f2b4                vsscanf
 .text._write_r
                0x000000000000f2cc       0x28 /Applications/ti/ccsv6/tools/compiler/gcc-arm-none-eabi-4_9-2015q3/bin/../lib/gcc/arm-none-eabi/4.9.3/../../../../arm-none-eabi/lib/armv7e-m/fpu/libc.a(lib_a-writer.o)
                0x000000000000f2cc                _write_r
 .text.__swsetup_r
                0x000000000000f2f4       0xc4 /Applications/ti/ccsv6/tools/compiler/gcc-arm-none-eabi-4_9-2015q3/bin/../lib/gcc/arm-none-eabi/4.9.3/../../../../arm-none-eabi/lib/armv7e-m/fpu/libc.a(lib_a-wsetup.o)
                0x000000000000f2f4                __swsetup_r
 .text.startup.register_fini
                0x000000000000f3b8       0x14 /Applications/ti/ccsv6/tools/compiler/gcc-arm-none-eabi-4_9-2015q3/bin/../lib/gcc/arm-none-eabi/4.9.3/../../../../arm-none-eabi/lib/armv7e-m/fpu/libc.a(lib_a-__call_atexit.o)
 .text.__call_exitprocs
                0x000000000000f3cc       0xd4 /Applications/ti/ccsv6/tools/compiler/gcc-arm-none-eabi-4_9-2015q3/bin/../lib/gcc/arm-none-eabi/4.9.3/../../../../arm-none-eabi/lib/armv7e-m/fpu/libc.a(lib_a-__call_atexit.o)
                0x000000000000f3cc                __call_exitprocs
 .text.abort    0x000000000000f4a0       0x10 /Applications/ti/ccsv6/tools/compiler/gcc-arm-none-eabi-4_9-2015q3/bin/../lib/gcc/arm-none-eabi/4.9.3/../../../../arm-none-eabi/lib/armv7e-m/fpu/libc.a(lib_a-abort.o)
                0x000000000000f4a0                abort
 .text.atexit   0x000000000000f4b0        0xc /Applications/ti/ccsv6/tools/compiler/gcc-arm-none-eabi-4_9-2015q3/bin/../lib/gcc/arm-none-eabi/4.9.3/../../../../arm-none-eabi/lib/armv7e-m/fpu/libc.a(lib_a-atexit.o)
                0x000000000000f4b0                atexit
 .text._close_r
                0x000000000000f4bc       0x24 /Applications/ti/ccsv6/tools/compiler/gcc-arm-none-eabi-4_9-2015q3/bin/../lib/gcc/arm-none-eabi/4.9.3/../../../../arm-none-eabi/lib/armv7e-m/fpu/libc.a(lib_a-closer.o)
                0x000000000000f4bc                _close_r
 .text.quorem   0x000000000000f4e0      0x12c /Applications/ti/ccsv6/tools/compiler/gcc-arm-none-eabi-4_9-2015q3/bin/../lib/gcc/arm-none-eabi/4.9.3/../../../../arm-none-eabi/lib/armv7e-m/fpu/libc.a(lib_a-dtoa.o)
 *fill*         0x000000000000f60c        0x4 
 .text._dtoa_r  0x000000000000f610      0xea4 /Applications/ti/ccsv6/tools/compiler/gcc-arm-none-eabi-4_9-2015q3/bin/../lib/gcc/arm-none-eabi/4.9.3/../../../../arm-none-eabi/lib/armv7e-m/fpu/libc.a(lib_a-dtoa.o)
                0x000000000000f610                _dtoa_r
 .text.__sflush_r
                0x00000000000104b4      0x154 /Applications/ti/ccsv6/tools/compiler/gcc-arm-none-eabi-4_9-2015q3/bin/../lib/gcc/arm-none-eabi/4.9.3/../../../../arm-none-eabi/lib/armv7e-m/fpu/libc.a(lib_a-fflush.o)
                0x00000000000104b4                __sflush_r
 .text._fflush_r
                0x0000000000010608       0x2c /Applications/ti/ccsv6/tools/compiler/gcc-arm-none-eabi-4_9-2015q3/bin/../lib/gcc/arm-none-eabi/4.9.3/../../../../arm-none-eabi/lib/armv7e-m/fpu/libc.a(lib_a-fflush.o)
                0x0000000000010608                _fflush_r
 .text._cleanup_r
                0x0000000000010634        0xc /Applications/ti/ccsv6/tools/compiler/gcc-arm-none-eabi-4_9-2015q3/bin/../lib/gcc/arm-none-eabi/4.9.3/../../../../arm-none-eabi/lib/armv7e-m/fpu/libc.a(lib_a-findfp.o)
                0x0000000000010634                _cleanup_r
 .text.__sinit.part.1
                0x0000000000010640       0xf0 /Applications/ti/ccsv6/tools/compiler/gcc-arm-none-eabi-4_9-2015q3/bin/../lib/gcc/arm-none-eabi/4.9.3/../../../../arm-none-eabi/lib/armv7e-m/fpu/libc.a(lib_a-findfp.o)
 .text.__sinit  0x0000000000010730        0xc /Applications/ti/ccsv6/tools/compiler/gcc-arm-none-eabi-4_9-2015q3/bin/../lib/gcc/arm-none-eabi/4.9.3/../../../../arm-none-eabi/lib/armv7e-m/fpu/libc.a(lib_a-findfp.o)
                0x0000000000010730                __sinit
 .text.__sfp_lock_acquire
                0x000000000001073c        0x4 /Applications/ti/ccsv6/tools/compiler/gcc-arm-none-eabi-4_9-2015q3/bin/../lib/gcc/arm-none-eabi/4.9.3/../../../../arm-none-eabi/lib/armv7e-m/fpu/libc.a(lib_a-findfp.o)
                0x000000000001073c                __sfp_lock_acquire
 .text.__sfp_lock_release
                0x0000000000010740        0x4 /Applications/ti/ccsv6/tools/compiler/gcc-arm-none-eabi-4_9-2015q3/bin/../lib/gcc/arm-none-eabi/4.9.3/../../../../arm-none-eabi/lib/armv7e-m/fpu/libc.a(lib_a-findfp.o)
                0x0000000000010740                __sfp_lock_release
 .text.__libc_fini_array
                0x0000000000010744       0x2c /Applications/ti/ccsv6/tools/compiler/gcc-arm-none-eabi-4_9-2015q3/bin/../lib/gcc/arm-none-eabi/4.9.3/../../../../arm-none-eabi/lib/armv7e-m/fpu/libc.a(lib_a-fini.o)
                0x0000000000010744                __libc_fini_array
 .text.__fputwc
                0x0000000000010770       0xb0 /Applications/ti/ccsv6/tools/compiler/gcc-arm-none-eabi-4_9-2015q3/bin/../lib/gcc/arm-none-eabi/4.9.3/../../../../arm-none-eabi/lib/armv7e-m/fpu/libc.a(lib_a-fputwc.o)
                0x0000000000010770                __fputwc
 .text._fputwc_r
                0x0000000000010820       0x24 /Applications/ti/ccsv6/tools/compiler/gcc-arm-none-eabi-4_9-2015q3/bin/../lib/gcc/arm-none-eabi/4.9.3/../../../../arm-none-eabi/lib/armv7e-m/fpu/libc.a(lib_a-fputwc.o)
                0x0000000000010820                _fputwc_r
 .text._malloc_trim_r
                0x0000000000010844       0x9c /Applications/ti/ccsv6/tools/compiler/gcc-arm-none-eabi-4_9-2015q3/bin/../lib/gcc/arm-none-eabi/4.9.3/../../../../arm-none-eabi/lib/armv7e-m/fpu/libc.a(lib_a-freer.o)
                0x0000000000010844                _malloc_trim_r
 .text._free_r  0x00000000000108e0      0x1b0 /Applications/ti/ccsv6/tools/compiler/gcc-arm-none-eabi-4_9-2015q3/bin/../lib/gcc/arm-none-eabi/4.9.3/../../../../arm-none-eabi/lib/armv7e-m/fpu/libc.a(lib_a-freer.o)
                0x00000000000108e0                _free_r
 .text.__sfvwrite_r
                0x0000000000010a90      0x318 /Applications/ti/ccsv6/tools/compiler/gcc-arm-none-eabi-4_9-2015q3/bin/../lib/gcc/arm-none-eabi/4.9.3/../../../../arm-none-eabi/lib/armv7e-m/fpu/libc.a(lib_a-fvwrite.o)
                0x0000000000010a90                __sfvwrite_r
 .text._fwalk_reent
                0x0000000000010da8       0x54 /Applications/ti/ccsv6/tools/compiler/gcc-arm-none-eabi-4_9-2015q3/bin/../lib/gcc/arm-none-eabi/4.9.3/../../../../arm-none-eabi/lib/armv7e-m/fpu/libc.a(lib_a-fwalk.o)
                0x0000000000010da8                _fwalk_reent
 .text.iswspace
                0x0000000000010dfc       0x1c /Applications/ti/ccsv6/tools/compiler/gcc-arm-none-eabi-4_9-2015q3/bin/../lib/gcc/arm-none-eabi/4.9.3/../../../../arm-none-eabi/lib/armv7e-m/fpu/libc.a(lib_a-iswspace.o)
                0x0000000000010dfc                iswspace
 .text.__locale_charset
                0x0000000000010e18        0x8 /Applications/ti/ccsv6/tools/compiler/gcc-arm-none-eabi-4_9-2015q3/bin/../lib/gcc/arm-none-eabi/4.9.3/../../../../arm-none-eabi/lib/armv7e-m/fpu/libc.a(lib_a-locale.o)
                0x0000000000010e18                __locale_charset
 .text.__locale_mb_cur_max
                0x0000000000010e20        0xc /Applications/ti/ccsv6/tools/compiler/gcc-arm-none-eabi-4_9-2015q3/bin/../lib/gcc/arm-none-eabi/4.9.3/../../../../arm-none-eabi/lib/armv7e-m/fpu/libc.a(lib_a-locale.o)
                0x0000000000010e20                __locale_mb_cur_max
 .text._localeconv_r
                0x0000000000010e2c        0x8 /Applications/ti/ccsv6/tools/compiler/gcc-arm-none-eabi-4_9-2015q3/bin/../lib/gcc/arm-none-eabi/4.9.3/../../../../arm-none-eabi/lib/armv7e-m/fpu/libc.a(lib_a-locale.o)
                0x0000000000010e2c                _localeconv_r
 .text._lseek_r
                0x0000000000010e34       0x28 /Applications/ti/ccsv6/tools/compiler/gcc-arm-none-eabi-4_9-2015q3/bin/../lib/gcc/arm-none-eabi/4.9.3/../../../../arm-none-eabi/lib/armv7e-m/fpu/libc.a(lib_a-lseekr.o)
                0x0000000000010e34                _lseek_r
 .text.__smakebuf_r
                0x0000000000010e5c       0xe0 /Applications/ti/ccsv6/tools/compiler/gcc-arm-none-eabi-4_9-2015q3/bin/../lib/gcc/arm-none-eabi/4.9.3/../../../../arm-none-eabi/lib/armv7e-m/fpu/libc.a(lib_a-makebuf.o)
                0x0000000000010e5c                __smakebuf_r
 .text._mbrtowc_r
                0x0000000000010f3c       0x5c /Applications/ti/ccsv6/tools/compiler/gcc-arm-none-eabi-4_9-2015q3/bin/../lib/gcc/arm-none-eabi/4.9.3/../../../../arm-none-eabi/lib/armv7e-m/fpu/libc.a(lib_a-mbrtowc.o)
                0x0000000000010f3c                _mbrtowc_r
 .text.__ascii_mbtowc
                0x0000000000010f98       0x2c /Applications/ti/ccsv6/tools/compiler/gcc-arm-none-eabi-4_9-2015q3/bin/../lib/gcc/arm-none-eabi/4.9.3/../../../../arm-none-eabi/lib/armv7e-m/fpu/libc.a(lib_a-mbtowc_r.o)
                0x0000000000010f98                __ascii_mbtowc
 .text.memchr   0x0000000000010fc4       0x94 /Applications/ti/ccsv6/tools/compiler/gcc-arm-none-eabi-4_9-2015q3/bin/../lib/gcc/arm-none-eabi/4.9.3/../../../../arm-none-eabi/lib/armv7e-m/fpu/libc.a(lib_a-memchr.o)
                0x0000000000010fc4                memchr
 .text.memmove  0x0000000000011058       0xc8 /Applications/ti/ccsv6/tools/compiler/gcc-arm-none-eabi-4_9-2015q3/bin/../lib/gcc/arm-none-eabi/4.9.3/../../../../arm-none-eabi/lib/armv7e-m/fpu/libc.a(lib_a-memmove.o)
                0x0000000000011058                memmove
 .text._Balloc  0x0000000000011120       0x4c /Applications/ti/ccsv6/tools/compiler/gcc-arm-none-eabi-4_9-2015q3/bin/../lib/gcc/arm-none-eabi/4.9.3/../../../../arm-none-eabi/lib/armv7e-m/fpu/libc.a(lib_a-mprec.o)
                0x0000000000011120                _Balloc